Component: ARM Compiler 5.06 update 5 (build 528) Tool: armlink [4d35e2]

==============================================================================

Section Cross References

    startup_stm32f10x_md.o(STACK) refers (Special) to heapauxi.o(.text) for __use_two_region_memory
    startup_stm32f10x_md.o(HEAP) refers (Special) to heapauxi.o(.text) for __use_two_region_memory
    startup_stm32f10x_md.o(RESET) refers (Special) to heapauxi.o(.text) for __use_two_region_memory
    startup_stm32f10x_md.o(RESET) refers to startup_stm32f10x_md.o(STACK) for __initial_sp
    startup_stm32f10x_md.o(RESET) refers to startup_stm32f10x_md.o(.text) for Reset_Handler
    startup_stm32f10x_md.o(RESET) refers to stm32f10x_it.o(i.NMI_Handler) for NMI_Handler
    startup_stm32f10x_md.o(RESET) refers to stm32f10x_it.o(i.HardFault_Handler) for HardFault_Handler
    startup_stm32f10x_md.o(RESET) refers to stm32f10x_it.o(i.MemManage_Handler) for MemManage_Handler
    startup_stm32f10x_md.o(RESET) refers to stm32f10x_it.o(i.BusFault_Handler) for BusFault_Handler
    startup_stm32f10x_md.o(RESET) refers to stm32f10x_it.o(i.UsageFault_Handler) for UsageFault_Handler
    startup_stm32f10x_md.o(RESET) refers to stm32f10x_it.o(i.SVC_Handler) for SVC_Handler
    startup_stm32f10x_md.o(RESET) refers to stm32f10x_it.o(i.DebugMon_Handler) for DebugMon_Handler
    startup_stm32f10x_md.o(RESET) refers to stm32f10x_it.o(i.PendSV_Handler) for PendSV_Handler
    startup_stm32f10x_md.o(RESET) refers to stm32f10x_it.o(i.SysTick_Handler) for SysTick_Handler
    startup_stm32f10x_md.o(RESET) refers to main.o(i.TIM3_IRQHandler) for TIM3_IRQHandler
    startup_stm32f10x_md.o(RESET) refers to control.o(i.USART1_IRQHandler) for USART1_IRQHandler
    startup_stm32f10x_md.o(.text) refers (Special) to heapauxi.o(.text) for __use_two_region_memory
    startup_stm32f10x_md.o(.text) refers to system_stm32f10x.o(i.SystemInit) for SystemInit
    startup_stm32f10x_md.o(.text) refers to __main.o(!!!main) for __main
    startup_stm32f10x_md.o(.text) refers to startup_stm32f10x_md.o(HEAP) for Heap_Mem
    startup_stm32f10x_md.o(.text) refers to startup_stm32f10x_md.o(STACK) for Stack_Mem
    system_stm32f10x.o(i.SetSysClock) refers to system_stm32f10x.o(i.SetSysClockTo72) for SetSysClockTo72
    system_stm32f10x.o(i.SystemCoreClockUpdate) refers to system_stm32f10x.o(.data) for SystemCoreClock
    system_stm32f10x.o(i.SystemInit) refers to system_stm32f10x.o(i.SetSysClock) for SetSysClock
    stm32f10x_adc.o(i.ADC_DeInit) refers to stm32f10x_rcc.o(i.RCC_APB2PeriphResetCmd) for RCC_APB2PeriphResetCmd
    stm32f10x_bkp.o(i.BKP_DeInit) refers to stm32f10x_rcc.o(i.RCC_BackupResetCmd) for RCC_BackupResetCmd
    stm32f10x_can.o(i.CAN_DeInit) refers to stm32f10x_rcc.o(i.RCC_APB1PeriphResetCmd) for RCC_APB1PeriphResetCmd
    stm32f10x_can.o(i.CAN_GetITStatus) refers to stm32f10x_can.o(i.CheckITStatus) for CheckITStatus
    stm32f10x_cec.o(i.CEC_DeInit) refers to stm32f10x_rcc.o(i.RCC_APB1PeriphResetCmd) for RCC_APB1PeriphResetCmd
    stm32f10x_dac.o(i.DAC_DeInit) refers to stm32f10x_rcc.o(i.RCC_APB1PeriphResetCmd) for RCC_APB1PeriphResetCmd
    stm32f10x_flash.o(i.FLASH_EnableWriteProtection) refers to stm32f10x_flash.o(i.FLASH_WaitForLastOperation) for FLASH_WaitForLastOperation
    stm32f10x_flash.o(i.FLASH_EraseAllBank1Pages) refers to stm32f10x_flash.o(i.FLASH_WaitForLastBank1Operation) for FLASH_WaitForLastBank1Operation
    stm32f10x_flash.o(i.FLASH_EraseAllPages) refers to stm32f10x_flash.o(i.FLASH_WaitForLastOperation) for FLASH_WaitForLastOperation
    stm32f10x_flash.o(i.FLASH_EraseOptionBytes) refers to stm32f10x_flash.o(i.FLASH_GetReadOutProtectionStatus) for FLASH_GetReadOutProtectionStatus
    stm32f10x_flash.o(i.FLASH_EraseOptionBytes) refers to stm32f10x_flash.o(i.FLASH_WaitForLastOperation) for FLASH_WaitForLastOperation
    stm32f10x_flash.o(i.FLASH_ErasePage) refers to stm32f10x_flash.o(i.FLASH_WaitForLastOperation) for FLASH_WaitForLastOperation
    stm32f10x_flash.o(i.FLASH_ProgramHalfWord) refers to stm32f10x_flash.o(i.FLASH_WaitForLastOperation) for FLASH_WaitForLastOperation
    stm32f10x_flash.o(i.FLASH_ProgramOptionByteData) refers to stm32f10x_flash.o(i.FLASH_WaitForLastOperation) for FLASH_WaitForLastOperation
    stm32f10x_flash.o(i.FLASH_ProgramWord) refers to stm32f10x_flash.o(i.FLASH_WaitForLastOperation) for FLASH_WaitForLastOperation
    stm32f10x_flash.o(i.FLASH_ReadOutProtection) refers to stm32f10x_flash.o(i.FLASH_WaitForLastOperation) for FLASH_WaitForLastOperation
    stm32f10x_flash.o(i.FLASH_UserOptionByteConfig) refers to stm32f10x_flash.o(i.FLASH_WaitForLastOperation) for FLASH_WaitForLastOperation
    stm32f10x_flash.o(i.FLASH_WaitForLastBank1Operation) refers to stm32f10x_flash.o(i.FLASH_GetBank1Status) for FLASH_GetBank1Status
    stm32f10x_flash.o(i.FLASH_WaitForLastOperation) refers to stm32f10x_flash.o(i.FLASH_GetBank1Status) for FLASH_GetBank1Status
[...]
    ../clib/printf.c                         0x00000000   Number         0  __printf_flags_ss.o ABSOLUTE
    ../clib/printf.c                         0x00000000   Number         0  __printf_wp.o ABSOLUTE
    ../clib/printf.c                         0x00000000   Number         0  __printf_flags_wp.o ABSOLUTE
    ../clib/printf.c                         0x00000000   Number         0  __printf_ss_wp.o ABSOLUTE
    ../clib/printf.c                         0x00000000   Number         0  __printf_flags_ss_wp.o ABSOLUTE
    ../clib/printf.c                         0x00000000   Number         0  _printf_fp_infnan.o ABSOLUTE
    ../clib/printf.c                         0x00000000   Number         0  _printf_wchar.o ABSOLUTE
    ../clib/printf.c                         0x00000000   Number         0  _printf_char.o ABSOLUTE
    ../clib/printf.c                         0x00000000   Number         0  __printf_nopercent.o ABSOLUTE
    ../clib/printf.c                         0x00000000   Number         0  _printf_fp_hex.o ABSOLUTE
    ../clib/printf.c                         0x00000000   Number         0  _printf_fp_dec.o ABSOLUTE
    ../clib/printf.c                         0x00000000   Number         0  _printf_intcommon.o ABSOLUTE
    ../clib/printf.c                         0x00000000   Number         0  _printf_charcount.o ABSOLUTE
    ../clib/printf.c                         0x00000000   Number         0  _printf_longlong_dec.o ABSOLUTE
    ../clib/printf.c                         0x00000000   Number         0  _printf_wctomb.o ABSOLUTE
    ../clib/printf.c                         0x00000000   Number         0  _sputc.o ABSOLUTE
    ../clib/printf.c                         0x00000000   Number         0  _printf_char_common.o ABSOLUTE
    ../clib/printf.c                         0x00000000   Number         0  _printf_str.o ABSOLUTE
    ../clib/printf.c                         0x00000000   Number         0  _printf_dec.o ABSOLUTE
    ../clib/printf_percent.s                 0x00000000   Number         0  _printf_i.o ABSOLUTE
    ../clib/printf_percent.s                 0x00000000   Number         0  _printf_x.o ABSOLUTE
    ../clib/printf_percent.s                 0x00000000   Number         0  _printf_llo.o ABSOLUTE
    ../clib/printf_percent.s                 0x00000000   Number         0  _printf_n.o ABSOLUTE
    ../clib/printf_percent.s                 0x00000000   Number         0  _printf_g.o ABSOLUTE
    ../clib/printf_percent.s                 0x00000000   Number         0  _printf_s.o ABSOLUTE
    ../clib/printf_percent.s                 0x00000000   Number         0  _printf_a.o ABSOLUTE
    ../clib/printf_percent.s                 0x00000000   Number         0  _printf_c.o ABSOLUTE
    ../clib/printf_percent.s                 0x00000000   Number         0  _printf_ll.o ABSOLUTE
    ../clib/printf_percent.s                 0x00000000   Number         0  _printf_u.o ABSOLUTE
    ../clib/printf_percent.s                 0x00000000   Number         0  _printf_f.o ABSOLUTE
    ../clib/printf_percent.s                 0x00000000   Number         0  _printf_percent_end.o ABSOLUTE
    ../clib/printf_percent.s                 0x00000000   Number         0  _printf_p.o ABSOLUTE
    ../clib/printf_percent.s                 0x00000000   Number         0  _printf_percent.o ABSOLUTE
    ../clib/printf_percent.s                 0x00000000   Number         0  _printf_lli.o ABSOLUTE
    ../clib/printf_percent.s                 0x00000000   Number         0  _printf_lld.o ABSOLUTE
    ../clib/printf_percent.s                 0x00000000   Number         0  _printf_llu.o ABSOLUTE
    ../clib/printf_percent.s                 0x00000000   Number         0  _printf_l.o ABSOLUTE
    ../clib/printf_percent.s                 0x00000000   Number         0  _printf_lc.o ABSOLUTE
    ../clib/printf_percent.s                 0x00000000   Number         0  _printf_ls.o ABSOLUTE
    ../clib/printf_percent.s                 0x00000000   Number         0  _printf_d.o ABSOLUTE
    ../clib/printf_percent.s                 0x00000000   Number         0  _printf_llx.o ABSOLUTE
    ../clib/printf_percent.s                 0x00000000   Number         0  _printf_o.o ABSOLUTE
    ../clib/printf_percent.s                 0x00000000   Number         0  _printf_e.o ABSOLUTE
    ../clib/signal.c                         0x00000000   Number         0  defsig_general.o ABSOLUTE
    ../clib/signal.c                         0x00000000   Number         0  defsig_rtmem_outer.o ABSOLUTE
    ../clib/signal.c                         0x00000000   Number         0  defsig_abrt_inner.o ABSOLUTE
    ../clib/signal.c                         0x00000000   Number         0  defsig_rtmem_formal.o ABSOLUTE
    ../clib/signal.c                         0x00000000   Number         0  defsig_exit.o ABSOLUTE
    ../clib/signal.c                         0x00000000   Number         0  defsig_fpe_inner.o ABSOLUTE
    ../clib/signal.c                         0x00000000   Number         0  defsig_rtred_inner.o ABSOLUTE
    ../clib/signal.c                         0x00000000   Number         0  defsig_stak_inner.o ABSOLUTE
    ../clib/signal.c                         0x00000000   Number         0  defsig_cppl_inner.o ABSOLUTE
    ../clib/signal.c                         0x00000000   Number         0  defsig_segv_inner.o ABSOLUTE
    ../clib/signal.c                         0x00000000   Number         0  defsig_other.o ABSOLUTE
    ../clib/signal.c                         0x00000000   Number         0  defsig_rtmem_inner.o ABSOLUTE
    ../clib/signal.c                         0x00000000   Number         0  __raise.o ABSOLUTE
    ../clib/signal.c                         0x00000000   Number         0  defsig_pvfn_inner.o ABSOLUTE
    ../clib/signal.s                         0x00000000   Number         0  defsig.o ABSOLUTE
    ../clib/stdlib.c                         0x00000000   Number         0  exit.o ABSOLUTE
    ../fplib/d2f.s                           0x00000000   Number         0  d2f.o ABSOLUTE
    ../fplib/daddsub.s                       0x00000000   Number         0  daddsub_clz.o ABSOLUTE
    ../fplib/dcheck1.s                       0x00000000   Number         0  dcheck1.o ABSOLUTE
    ../fplib/dcmpi.s                         0x00000000   Number         0  dcmpi.o ABSOLUTE
    ../fplib/ddiv.s                          0x00000000   Number         0  ddiv.o ABSOLUTE
    ../fplib/dfix.s                          0x00000000   Number         0  dfix.o ABSOLUTE
    ../fplib/dfixu.s                         0x00000000   Number         0  dfixu.o ABSOLUTE
    ../fplib/dflt.s                          0x00000000   Number         0  dflt_clz.o ABSOLUTE
    ../fplib/dleqf.s                         0x00000000   Number         0  dleqf.o ABSOLUTE
    ../fplib/dmul.s                          0x00000000   Number         0  dmul.o ABSOLUTE
    ../fplib/dnaninf.s                       0x00000000   Number         0  dnaninf.o ABSOLUTE
    ../fplib/dretinf.s                       0x00000000   Number         0  dretinf.o ABSOLUTE
    ../fplib/drleqf.s                        0x00000000   Number         0  drleqf.o ABSOLUTE
    ../fplib/drnd.s                          0x00000000   Number         0  drnd.o ABSOLUTE
    ../fplib/faddsub.s                       0x00000000   Number         0  faddsub_clz.o ABSOLUTE
    ../fplib/fcmpi.s                         0x00000000   Number         0  fcmpi.o ABSOLUTE
    ../fplib/fdiv.s                          0x00000000   Number         0  fdiv.o ABSOLUTE
    ../fplib/feqf.s                          0x00000000   Number         0  feqf.o ABSOLUTE
    ../fplib/ffixu.s                         0x00000000   Number         0  ffixu.o ABSOLUTE
    ../fplib/fflt.s                          0x00000000   Number         0  fflt_clz.o ABSOLUTE
    ../fplib/fleqf.s                         0x00000000   Number         0  fleqf.o ABSOLUTE
    ../fplib/fmul.s                          0x00000000   Number         0  fmul.o ABSOLUTE
    ../fplib/fnaninf.s                       0x00000000   Number         0  fnaninf.o ABSOLUTE
    ../fplib/fpinit.s                        0x00000000   Number         0  fpinit.o ABSOLUTE
    ../fplib/fretinf.s                       0x00000000   Number         0  fretinf.o ABSOLUTE
    ../fplib/frleqf.s                        0x00000000   Number         0  frleqf.o ABSOLUTE
    ../fplib/istatus.s                       0x00000000   Number         0  istatus.o ABSOLUTE
    ../fplib/printf1.s                       0x00000000   Number         0  printf1.o ABSOLUTE
    ../fplib/printf2.s                       0x00000000   Number         0  printf2.o ABSOLUTE
    ../fplib/printf2a.s                      0x00000000   Number         0  printf2a.o ABSOLUTE
    ../fplib/printf2b.s                      0x00000000   Number         0  printf2b.o ABSOLUTE
    ../fplib/retnan.s                        0x00000000   Number         0  retnan.o ABSOLUTE
    ../fplib/scalbn.s                        0x00000000   Number         0  scalbn.o ABSOLUTE
    ../fplib/trapv.s                         0x00000000   Number         0  trapv.o ABSOLUTE
    ../fplib/usenofp.s                       0x00000000   Number         0  usenofp.o ABSOLUTE
    ../mathlib/atan.c                        0x00000000   Number         0  atan_x.o ABSOLUTE
    ../mathlib/atan.c                        0x00000000   Number         0  atan.o ABSOLUTE
    ../mathlib/atan2.c                       0x00000000   Number         0  atan2.o ABSOLUTE
    ../mathlib/atan2.c                       0x00000000   Number         0  atan2_x.o ABSOLUTE
    ../mathlib/dunder.c                      0x00000000   Number         0  dunder.o ABSOLUTE
    ../mathlib/fpclassify.c                  0x00000000   Number         0  fpclassify.o ABSOLUTE
    ../mathlib/poly.c                        0x00000000   Number         0  poly.o ABSOLUTE
    ../mathlib/qnan.c                        0x00000000   Number         0  qnan.o ABSOLUTE
    ../mathlib/round.c                       0x00000000   Number         0  round.o ABSOLUTE
    Drivers\AD.c                             0x00000000   Number         0  ad.o ABSOLUTE
    Drivers\Delay.c                          0x00000000   Number         0  delay.o ABSOLUTE
    Drivers\Motor.c                          0x00000000   Number         0  motor.o ABSOLUTE
    Drivers\OLED.c                           0x00000000   Number         0  oled.o ABSOLUTE
    Drivers\OLED_Data.c                      0x00000000   Number         0  oled_data.o ABSOLUTE
    Drivers\PWM.c                            0x00000000   Number         0  pwm.o ABSOLUTE
    Drivers\Usart.c                          0x00000000   Number         0  usart.o ABSOLUTE
    Library\misc.c                           0x00000000   Number         0  misc.o ABSOLUTE
    Library\stm32f10x_adc.c                  0x00000000   Number         0  stm32f10x_adc.o ABSOLUTE
    Library\stm32f10x_bkp.c                  0x00000000   Number         0  stm32f10x_bkp.o ABSOLUTE
    Library\stm32f10x_can.c                  0x00000000   Number         0  stm32f10x_can.o ABSOLUTE
    Library\stm32f10x_cec.c                  0x00000000   Number         0  stm32f10x_cec.o ABSOLUTE
    Library\stm32f10x_crc.c                  0x00000000   Number         0  stm32f10x_crc.o ABSOLUTE
    Library\stm32f10x_dac.c                  0x00000000   Number         0  stm32f10x_dac.o ABSOLUTE
    Library\stm32f10x_dbgmcu.c               0x00000000   Number         0  stm32f10x_dbgmcu.o ABSOLUTE
    Library\stm32f10x_dma.c                  0x00000000   Number         0  stm32f10x_dma.o ABSOLUTE
    Library\stm32f10x_exti.c                 0x00000000   Number         0  stm32f10x_exti.o ABSOLUTE
    Library\stm32f10x_flash.c                0x00000000   Number         0  stm32f10x_flash.o ABSOLUTE
    Library\stm32f10x_fsmc.c                 0x00000000   Number         0  stm32f10x_fsmc.o ABSOLUTE
    Library\stm32f10x_gpio.c                 0x00000000   Number         0  stm32f10x_gpio.o ABSOLUTE
    Library\stm32f10x_i2c.c                  0x00000000   Number         0  stm32f10x_i2c.o ABSOLUTE
    Library\stm32f10x_iwdg.c                 0x00000000   Number         0  stm32f10x_iwdg.o ABSOLUTE
    Library\stm32f10x_pwr.c                  0x00000000   Number         0  stm32f10x_pwr.o ABSOLUTE
    Library\stm32f10x_rcc.c                  0x00000000   Number         0  stm32f10x_rcc.o ABSOLUTE
    Library\stm32f10x_rtc.c                  0x00000000   Number         0  stm32f10x_rtc.o ABSOLUTE
    Library\stm32f10x_sdio.c                 0x00000000   Number         0  stm32f10x_sdio.o ABSOLUTE
    Library\stm32f10x_spi.c                  0x00000000   Number         0  stm32f10x_spi.o ABSOLUTE
    Library\stm32f10x_tim.c                  0x00000000   Number         0  stm32f10x_tim.o ABSOLUTE
    Library\stm32f10x_usart.c                0x00000000   Number         0  stm32f10x_usart.o ABSOLUTE
    Library\stm32f10x_wwdg.c                 0x00000000   Number         0  stm32f10x_wwdg.o ABSOLUTE
    MiddleWare\Control.c                     0x00000000   Number         0  control.o ABSOLUTE
    MiddleWare\Face_Config.c                 0x00000000   Number         0  face_config.o ABSOLUTE
    MiddleWare\Led_Breathing.c               0x00000000   Number         0  led_breathing.o ABSOLUTE
    MiddleWare\PowerDetection.c              0x00000000   Number         0  powerdetection.o ABSOLUTE
    MiddleWare\Servo.c                       0x00000000   Number         0  servo.o ABSOLUTE
    MiddleWare\operating mode.c              0x00000000   Number         0  operating mode.o ABSOLUTE
    Variable\Variable.c                      0x00000000   Number         0  variable.o ABSOLUTE
    dc.s                                     0x00000000   Number         0  dc.o ABSOLUTE
    start\\core_cm3.c                        0x00000000   Number         0  core_cm3.o ABSOLUTE
    start\core_cm3.c                         0x00000000   Number         0  core_cm3.o ABSOLUTE
    start\startup_stm32f10x_md.s             0x00000000   Number         0  startup_stm32f10x_md.o ABSOLUTE
    start\system_stm32f10x.c                 0x00000000   Number         0  system_stm32f10x.o ABSOLUTE
    user\main.c                              0x00000000   Number         0  main.o ABSOLUTE
    user\stm32f10x_it.c                      0x00000000   Number         0  stm32f10x_it.o ABSOLUTE
    RESET                                    0x08000000   Section      236  startup_stm32f10x_md.o(RESET)
    !!!main                                  0x080000ec   Section        8  __main.o(!!!main)
    !!!scatter                               0x080000f4   Section       52  __scatter.o(!!!scatter)
    !!handler_copy                           0x08000128   Section       26  __scatter_copy.o(!!handler_copy)
    !!handler_zi                             0x08000144   Section       28  __scatter_zi.o(!!handler_zi)
    .ARM.Collect$$libinit$$00000000          0x08000160   Section        2  libinit.o(.ARM.Collect$$libinit$$00000000)
    .ARM.Collect$$libinit$$00000002          0x08000162   Section        0  libinit2.o(.ARM.Collect$$libinit$$00000002)
    .ARM.Collect$$libinit$$00000004          0x08000162   Section        0  libinit2.o(.ARM.Collect$$libinit$$00000004)
    .ARM.Collect$$libinit$$0000000A          0x08000162   Section        0  libinit2.o(.ARM.Collect$$libinit$$0000000A)
    .ARM.Collect$$libinit$$0000000C          0x08000162   Section        0  libinit2.o(.ARM.Collect$$libinit$$0000000C)
    .ARM.Collect$$libinit$$0000000E          0x08000162   Section        0  libinit2.o(.ARM.Collect$$libinit$$0000000E)
    .ARM.Collect$$libinit$$00000011          0x08000162   Section        0  libinit2.o(.ARM.Collect$$libinit$$00000011)
    .ARM.Collect$$libinit$$00000013          0x08000162   Section        0  libinit2.o(.ARM.Collect$$libinit$$00000013)
    .ARM.Collect$$libinit$$00000015          0x08000162   Section        0  libinit2.o(.ARM.Collect$$libinit$$00000015)
    .ARM.Collect$$libinit$$00000017          0x08000162   Section        0  libinit2.o(.ARM.Collect$$libinit$$00000017)
    .ARM.Collect$$libinit$$00000019          0x08000162   Section        0  libinit2.o(.ARM.Collect$$libinit$$00000019)
    .ARM.Collect$$libinit$$0000001B          0x08000162   Section        0  libinit2.o(.ARM.Collect$$libinit$$0000001B)
    .ARM.Collect$$libinit$$0000001D          0x08000162   Section        0  libinit2.o(.ARM.Collect$$libinit$$0000001D)
    .ARM.Collect$$libinit$$0000001F          0x08000162   Section        0  libinit2.o(.ARM.Collect$$libinit$$0000001F)
    .ARM.Collect$$libinit$$00000021          0x08000162   Section        0  libinit2.o(.ARM.Collect$$libinit$$00000021)
    .ARM.Collect$$libinit$$00000023          0x08000162   Section        0  libinit2.o(.ARM.Collect$$libinit$$00000023)
    .ARM.Collect$$libinit$$00000025          0x08000162   Section        0  libinit2.o(.ARM.Collect$$libinit$$00000025)
    .ARM.Collect$$libinit$$0000002C          0x08000162   Section        0  libinit2.o(.ARM.Collect$$libinit$$0000002C)
    .ARM.Collect$$libinit$$0000002E          0x08000162   Section        0  libinit2.o(.ARM.Collect$$libinit$$0000002E)
    .ARM.Collect$$libinit$$00000030          0x08000162   Section        0  libinit2.o(.ARM.Collect$$libinit$$00000030)
    .ARM.Collect$$libinit$$00000032          0x08000162   Section        0  libinit2.o(.ARM.Collect$$libinit$$00000032)
    .ARM.Collect$$libinit$$00000033          0x08000162   Section        2  libinit2.o(.ARM.Collect$$libinit$$00000033)
    .ARM.Collect$$libshutdown$$00000000      0x08000164   Section        2  libshutdown.o(.ARM.Collect$$libshutdown$$00000000)
    .ARM.Collect$$libshutdown$$00000002      0x08000166   Section        0  libshutdown2.o(.ARM.Collect$$libshutdown$$00000002)
    .ARM.Collect$$libshutdown$$00000004      0x08000166   Section        0  libshutdown2.o(.ARM.Collect$$libshutdown$$00000004)
    .ARM.Collect$$libshutdown$$00000007      0x08000166   Section        0  libshutdown2.o(.ARM.Collect$$libshutdown$$00000007)
    .ARM.Collect$$libshutdown$$0000000A      0x08000166   Section        0  libshutdown2.o(.ARM.Collect$$libshutdown$$0000000A)
    .ARM.Collect$$libshutdown$$0000000C      0x08000166   Section        0  libshutdown2.o(.ARM.Collect$$libshutdown$$0000000C)
    .ARM.Collect$$libshutdown$$0000000F      0x08000166   Section        0  libshutdown2.o(.ARM.Collect$$libshutdown$$0000000F)
    .ARM.Collect$$libshutdown$$00000010      0x08000166   Section        2  libshutdown2.o(.ARM.Collect$$libshutdown$$00000010)
    .ARM.Collect$$rtentry$$00000000          0x08000168   Section        0  __rtentry.o(.ARM.Collect$$rtentry$$00000000)
    .ARM.Collect$$rtentry$$00000002          0x08000168   Section        0  __rtentry2.o(.ARM.Collect$$rtentry$$00000002)
    .ARM.Collect$$rtentry$$00000004          0x08000168   Section        6  __rtentry4.o(.ARM.Collect$$rtentry$$00000004)
    .ARM.Collect$$rtentry$$00000009          0x0800016e   Section        0  __rtentry2.o(.ARM.Collect$$rtentry$$00000009)
    .ARM.Collect$$rtentry$$0000000A          0x0800016e   Section        4  __rtentry2.o(.ARM.Collect$$rtentry$$0000000A)
    .ARM.Collect$$rtentry$$0000000C          0x08000172   Section        0  __rtentry2.o(.ARM.Collect$$rtentry$$0000000C)
    .ARM.Collect$$rtentry$$0000000D          0x08000172   Section        8  __rtentry2.o(.ARM.Collect$$rtentry$$0000000D)
    .ARM.Collect$$rtexit$$00000000           0x0800017a   Section        2  rtexit.o(.ARM.Collect$$rtexit$$00000000)
    .ARM.Collect$$rtexit$$00000002           0x0800017c   Section        0  rtexit2.o(.ARM.Collect$$rtexit$$00000002)
    .ARM.Collect$$rtexit$$00000003           0x0800017c   Section        4  rtexit2.o(.ARM.Collect$$rtexit$$00000003)
    .ARM.Collect$$rtexit$$00000004           0x08000180   Section        6  rtexit2.o(.ARM.Collect$$rtexit$$00000004)
    .text                                    0x08000188   Section       64  startup_stm32f10x_md.o(.text)
    .text                                    0x080001c8   Section        0  heapauxi.o(.text)
    .text                                    0x080001d0   Section        8  libspace.o(.text)
    .text                                    0x080001d8   Section       74  sys_stackheap_outer.o(.text)
    .text                                    0x08000222   Section        0  exit.o(.text)
    .text                                    0x08000234   Section        0  sys_exit.o(.text)
    .text                                    0x08000240   Section        2  use_no_semi.o(.text)
    .text                                    0x08000242   Section        0  indicate_semi.o(.text)
    i.ADC_Cmd                                0x08000242   Section        0  stm32f10x_adc.o(i.ADC_Cmd)
    i.ADC_GetCalibrationStatus               0x08000258   Section        0  stm32f10x_adc.o(i.ADC_GetCalibrationStatus)
    i.ADC_GetConversionValue                 0x0800026c   Section        0  stm32f10x_adc.o(i.ADC_GetConversionValue)
    i.ADC_GetFlagStatus                      0x08000274   Section        0  stm32f10x_adc.o(i.ADC_GetFlagStatus)
    i.ADC_GetResetCalibrationStatus          0x08000286   Section        0  stm32f10x_adc.o(i.ADC_GetResetCalibrationStatus)
    i.ADC_Init                               0x0800029c   Section        0  stm32f10x_adc.o(i.ADC_Init)
    i.ADC_RegularChannelConfig               0x080002ec   Section        0  stm32f10x_adc.o(i.ADC_RegularChannelConfig)
    i.ADC_ResetCalibration                   0x080003a4   Section        0  stm32f10x_adc.o(i.ADC_ResetCalibration)
    i.ADC_SoftwareStartConvCmd               0x080003ae   Section        0  stm32f10x_adc.o(i.ADC_SoftwareStartConvCmd)
    i.ADC_StartCalibration                   0x080003c4   Section        0  stm32f10x_adc.o(i.ADC_StartCalibration)
    i.AD_Init                                0x080003d0   Section        0  ad.o(i.AD_Init)
    i.BusFault_Handler                       0x08000470   Section        0  stm32f10x_it.o(i.BusFault_Handler)
    i.Control_Init                           0x08000474   Section        0  control.o(i.Control_Init)
    i.DebugMon_Handler                       0x0800047c   Section        0  stm32f10x_it.o(i.DebugMon_Handler)
    i.Face_Config                            0x08000480   Section        0  face_config.o(i.Face_Config)
    i.GPIO_Init                              0x080005cc   Section        0  stm32f10x_gpio.o(i.GPIO_Init)
    i.GPIO_ResetBits                         0x080006e2   Section        0  stm32f10x_gpio.o(i.GPIO_ResetBits)
    i.GPIO_SetBits                           0x080006e6   Section        0  stm32f10x_gpio.o(i.GPIO_SetBits)
    i.GPIO_WriteBit                          0x080006ea   Section        0  stm32f10x_gpio.o(i.GPIO_WriteBit)
    i.GetBattery                             0x080006f4   Section        0  powerdetection.o(i.GetBattery)
    i.GetBattery_Init                        0x0800075c   Section        0  powerdetection.o(i.GetBattery_Init)
    i.GetCur_Power                           0x08000764   Section        0  powerdetection.o(i.GetCur_Power)
    i.Get_ADC                                0x080007b8   Section        0  ad.o(i.Get_ADC)
    i.HardFault_Handler                      0x080007dc   Section        0  stm32f10x_it.o(i.HardFault_Handler)
    i.LED_Breathing                          0x080007e0   Section        0  led_breathing.o(i.LED_Breathing)
    i.MemManage_Handler                      0x080008b4   Section        0  stm32f10x_it.o(i.MemManage_Handler)
    i.Motor_Init                             0x080008b8   Section        0  motor.o(i.Motor_Init)
    i.Motor_SetSpeed                         0x080008e4   Section        0  motor.o(i.Motor_SetSpeed)
    i.NMI_Handler                            0x08000924   Section        0  stm32f10x_it.o(i.NMI_Handler)
    i.NVIC_Init                              0x08000928   Section        0  misc.o(i.NVIC_Init)
    i.NVIC_PriorityGroupConfig               0x08000998   Section        0  misc.o(i.NVIC_PriorityGroupConfig)
    i.OLED_Clear                             0x080009ac   Section        0  oled.o(i.OLED_Clear)
    i.OLED_ClearArea                         0x080009d4   Section        0  oled.o(i.OLED_ClearArea)
    i.OLED_GPIO_Init                         0x08000a64   Section        0  oled.o(i.OLED_GPIO_Init)
    i.OLED_I2C_SendByte                      0x08000ac4   Section        0  oled.o(i.OLED_I2C_SendByte)
    i.OLED_I2C_Start                         0x08000b02   Section        0  oled.o(i.OLED_I2C_Start)
    i.OLED_I2C_Stop                          0x08000b1e   Section        0  oled.o(i.OLED_I2C_Stop)
    i.OLED_Init                              0x08000b34   Section        0  oled.o(i.OLED_Init)
    i.OLED_Pow                               0x08000bce   Section        0  oled.o(i.OLED_Pow)
    i.OLED_SetCursor                         0x08000be2   Section        0  oled.o(i.OLED_SetCursor)
    i.OLED_ShowChar                          0x08000c08   Section        0  oled.o(i.OLED_ShowChar)
    i.OLED_ShowImage                         0x08000c5c   Section        0  oled.o(i.OLED_ShowImage)
    i.OLED_ShowNum                           0x08000d58   Section        0  oled.o(i.OLED_ShowNum)
    i.OLED_ShowString                        0x08000da4   Section        0  oled.o(i.OLED_ShowString)
    i.OLED_Update                            0x08000dd4   Section        0  oled.o(i.OLED_Update)
    i.OLED_W_SCL                             0x08000dfc   Section        0  oled.o(i.OLED_W_SCL)
    i.OLED_W_SDA                             0x08000e14   Section        0  oled.o(i.OLED_W_SDA)
    i.OLED_WriteCommand                      0x08000e2c   Section        0  oled.o(i.OLED_WriteCommand)
    i.OLED_WriteData                         0x08000e4c   Section        0  oled.o(i.OLED_WriteData)
    i.PWM_Init                               0x08000e7c   Section        0  pwm.o(i.PWM_Init)
    i.PWM_LED                                0x08000fa4   Section        0  pwm.o(i.PWM_LED)
    i.PWM_motor                              0x08000fb8   Section        0  pwm.o(i.PWM_motor)
    i.PWM_servo                              0x08000fc8   Section        0  pwm.o(i.PWM_servo)
    i.PendSV_Handler                         0x08000fdc   Section        0  stm32f10x_it.o(i.PendSV_Handler)
    i.RCC_ADCCLKConfig                       0x08000fe0   Section        0  stm32f10x_rcc.o(i.RCC_ADCCLKConfig)
    i.RCC_APB1PeriphClockCmd                 0x08000ff8   Section        0  stm32f10x_rcc.o(i.RCC_APB1PeriphClockCmd)
    i.RCC_APB2PeriphClockCmd                 0x08001018   Section        0  stm32f10x_rcc.o(i.RCC_APB2PeriphClockCmd)
    i.RCC_GetClocksFreq                      0x08001038   Section        0  stm32f10x_rcc.o(i.RCC_GetClocksFreq)
    i.SVC_Handler                            0x0800110c   Section        0  stm32f10x_it.o(i.SVC_Handler)
    i.Servo_Init                             0x08001110   Section        0  servo.o(i.Servo_Init)
    i.Servo_SetTarget                        0x08001140   Section        0  servo.o(i.Servo_SetTarget)
    i.Servo_Update                           0x08001174   Section        0  servo.o(i.Servo_Update)
    i.Servo_oscillation                      0x08001288   Section        0  servo.o(i.Servo_oscillation)
    i.SetSysClock                            0x080012c4   Section        0  system_stm32f10x.o(i.SetSysClock)
    SetSysClock                              0x080012c5   Thumb Code     8  system_stm32f10x.o(i.SetSysClock)
    i.SetSysClockTo72                        0x080012cc   Section        0  system_stm32f10x.o(i.SetSysClockTo72)
    SetSysClockTo72                          0x080012cd   Thumb Code   214  system_stm32f10x.o(i.SetSysClockTo72)
    i.SysTick_Handler                        0x080013ac   Section        0  stm32f10x_it.o(i.SysTick_Handler)
    i.SystemInit                             0x080013b0   Section        0  system_stm32f10x.o(i.SystemInit)
    i.TIM3_IRQHandler                        0x08001410   Section        0  main.o(i.TIM3_IRQHandler)
    i.TIM_ClearITPendingBit                  0x08001438   Section        0  stm32f10x_tim.o(i.TIM_ClearITPendingBit)
    i.TIM_Cmd                                0x0800143e   Section        0  stm32f10x_tim.o(i.TIM_Cmd)
    i.TIM_GetITStatus                        0x08001456   Section        0  stm32f10x_tim.o(i.TIM_GetITStatus)
    i.TIM_ITConfig                           0x08001478   Section        0  stm32f10x_tim.o(i.TIM_ITConfig)
    i.TIM_InternalClockConfig                0x0800148a   Section        0  stm32f10x_tim.o(i.TIM_InternalClockConfig)
    i.TIM_OC1Init                            0x08001498   Section        0  stm32f10x_tim.o(i.TIM_OC1Init)
    i.TIM_OC3Init                            0x08001530   Section        0  stm32f10x_tim.o(i.TIM_OC3Init)
    i.TIM_OC4Init                            0x080015d0   Section        0  stm32f10x_tim.o(i.TIM_OC4Init)
    i.TIM_OCStructInit                       0x0800164c   Section        0  stm32f10x_tim.o(i.TIM_OCStructInit)
    i.TIM_SetCompare1                        0x08001660   Section        0  stm32f10x_tim.o(i.TIM_SetCompare1)
    i.TIM_SetCompare3                        0x08001664   Section        0  stm32f10x_tim.o(i.TIM_SetCompare3)
    i.TIM_SetCompare4                        0x08001668   Section        0  stm32f10x_tim.o(i.TIM_SetCompare4)
    i.TIM_TimeBaseInit                       0x08001670   Section        0  stm32f10x_tim.o(i.TIM_TimeBaseInit)
    i.USART1_IRQHandler                      0x08001714   Section        0  control.o(i.USART1_IRQHandler)
    i.USART_ClearITPendingBit                0x080017f0   Section        0  stm32f10x_usart.o(i.USART_ClearITPendingBit)
    i.USART_Cmd                              0x0800180e   Section        0  stm32f10x_usart.o(i.USART_Cmd)
    i.USART_GetITStatus                      0x08001826   Section        0  stm32f10x_usart.o(i.USART_GetITStatus)
    i.USART_ITConfig                         0x0800187a   Section        0  stm32f10x_usart.o(i.USART_ITConfig)
    i.USART_Init                             0x080018c4   Section        0  stm32f10x_usart.o(i.USART_Init)
    i.USART_ReceiveData                      0x0800199c   Section        0  stm32f10x_usart.o(i.USART_ReceiveData)
    i.UsageFault_Handler                     0x080019a6   Section        0  stm32f10x_it.o(i.UsageFault_Handler)
    i.Usart_Init                             0x080019ac   Section        0  usart.o(i.Usart_Init)
    i.first_gear                             0x08001a64   Section        0  operating mode.o(i.first_gear)
    i.main                                   0x08001a70   Section        0  main.o(i.main)
    i.mode_Perform                           0x08001aac   Section        0  operating mode.o(i.mode_Perform)
    i.second_gear                            0x08001b04   Section        0  operating mode.o(i.second_gear)
    i.start_swaying                          0x08001b10   Section        0  operating mode.o(i.start_swaying)
    i.stop_swaying                           0x08001b20   Section        0  operating mode.o(i.stop_swaying)
    i.top_gear                               0x08001b38   Section        0  operating mode.o(i.top_gear)
    i.turn_off                               0x08001b44   Section        0  operating mode.o(i.turn_off)
    x$fpl$d2f                                0x08001b50   Section       98  d2f.o(x$fpl$d2f)
    x$fpl$dadd                               0x08001bb4   Section      336  daddsub_clz.o(x$fpl$dadd)
    _dadd1                                   0x08001bc5   Thumb Code     0  daddsub_clz.o(x$fpl$dadd)
    x$fpl$ddiv                               0x08001d04   Section      688  ddiv.o(x$fpl$ddiv)
    ddiv_entry                               0x08001d0b   Thumb Code     0  ddiv.o(x$fpl$ddiv)
    x$fpl$dfltu                              0x08001fb4   Section       38  dflt_clz.o(x$fpl$dfltu)
    x$fpl$dmul                               0x08001fdc   Section      340  dmul.o(x$fpl$dmul)
    x$fpl$dnaninf                            0x08002130   Section      156  dnaninf.o(x$fpl$dnaninf)
    x$fpl$dretinf                            0x080021cc   Section       12  dretinf.o(x$fpl$dretinf)
    x$fpl$dsub                               0x080021d8   Section      468  daddsub_clz.o(x$fpl$dsub)
    _dsub1                                   0x080021e9   Thumb Code     0  daddsub_clz.o(x$fpl$dsub)
    x$fpl$fadd                               0x080023ac   Section      196  faddsub_clz.o(x$fpl$fadd)
    _fadd1                                   0x080023bb   Thumb Code     0  faddsub_clz.o(x$fpl$fadd)
    x$fpl$fcmpinf                            0x08002470   Section       24  fcmpi.o(x$fpl$fcmpinf)
    x$fpl$fdiv                               0x08002488   Section      388  fdiv.o(x$fpl$fdiv)
    _fdiv1                                   0x08002489   Thumb Code     0  fdiv.o(x$fpl$fdiv)
    x$fpl$feqf                               0x0800260c   Section      104  feqf.o(x$fpl$feqf)
    x$fpl$ffixu                              0x08002674   Section       62  ffixu.o(x$fpl$ffixu)
    x$fpl$fleqf                              0x080026b4   Section      104  fleqf.o(x$fpl$fleqf)
    x$fpl$fmul                               0x0800271c   Section      258  fmul.o(x$fpl$fmul)
    x$fpl$fnaninf                            0x0800281e   Section      140  fnaninf.o(x$fpl$fnaninf)
    x$fpl$fretinf                            0x080028aa   Section       10  fretinf.o(x$fpl$fretinf)
    x$fpl$frleqf                             0x080028b4   Section       98  frleqf.o(x$fpl$frleqf)
    x$fpl$fsub                               0x08002918   Section      234  faddsub_clz.o(x$fpl$fsub)
    _fsub1                                   0x08002927   Thumb Code     0  faddsub_clz.o(x$fpl$fsub)
    .constdata                               0x08002a02   Section     9542  oled_data.o(.constdata)
    x$fpl$usenofp                            0x08002a02   Section        0  usenofp.o(x$fpl$usenofp)
    .data                                    0x20000000   Section       20  stm32f10x_rcc.o(.data)
    APBAHBPrescTable                         0x20000000   Data          16  stm32f10x_rcc.o(.data)
    ADCPrescTable                            0x20000010   Data           4  stm32f10x_rcc.o(.data)
    .data                                    0x20000014   Section       44  variable.o(.data)
    .bss                                     0x20000040   Section     1024  oled.o(.bss)
    .bss                                     0x20000440   Section       96  libspace.o(.bss)
    HEAP                                     0x200004a0   Section      512  startup_stm32f10x_md.o(HEAP)
    Heap_Mem                                 0x200004a0   Data         512  startup_stm32f10x_md.o(HEAP)
    STACK                                    0x200006a0   Section     1024  startup_stm32f10x_md.o(STACK)
    Stack_Mem                                0x200006a0   Data        1024  startup_stm32f10x_md.o(STACK)
    __initial_sp                             0x20000aa0   Data           0  startup_stm32f10x_md.o(STACK)

    Global Symbols

    Symbol Name                              Value     Ov Type        Size  Object(Section)

    BuildAttributes$$THM_ISAv4$P$D$K$B$S$PE$A:L22UL41UL21$X:L11$S22US41US21$IEEE1$IW$USESV6$~STKCKD$USESV7$~SHL$OTIME$ROPI$IEEEX$EBA8$UX$STANDARDLIB$REQ8$PRES8$EABIv2 0x00000000   Number         0  anon$$obj.o ABSOLUTE
    __ARM_use_no_argv                        0x00000000   Number         0  main.o ABSOLUTE
    _printf_flags                            0x00000000   Number         0  printf_stubs.o ABSOLUTE
    _printf_return_value                     0x00000000   Number         0  printf_stubs.o ABSOLUTE
    _printf_sizespec                         0x00000000   Number         0  printf_stubs.o ABSOLUTE
    _printf_widthprec                        0x00000000   Number         0  printf_stubs.o ABSOLUTE
    __ARM_exceptions_init                     - Undefined Weak Reference
    __alloca_initialize                       - Undefined Weak Reference
    __arm_preinit_                            - Undefined Weak Reference
    __cpp_initialize__aeabi_                  - Undefined Weak Reference
    __cxa_finalize                            - Undefined Weak Reference
    __sigvec_lookup                           - Undefined Weak Reference
    _atexit_init                              - Undefined Weak Reference
    _call_atexit_fns                          - Undefined Weak Reference
    _clock_init                               - Undefined Weak Reference
    _fp_trap_init                             - Undefined Weak Reference
    _fp_trap_shutdown                         - Undefined Weak Reference
    _get_lc_collate                           - Undefined Weak Reference
    _get_lc_monetary                          - Undefined Weak Reference
    _get_lc_time                              - Undefined Weak Reference
    _getenv_init                              - Undefined Weak Reference
    _handle_redirection                       - Undefined Weak Reference
    _init_alloc                               - Undefined Weak Reference
    _init_user_alloc                          - Undefined Weak Reference
    _initio                                   - Undefined Weak Reference
    _printf_mbtowc                            - Undefined Weak Reference
    _printf_wc                                - Undefined Weak Reference
    _rand_init                                - Undefined Weak Reference
    _signal_finish                            - Undefined Weak Reference
    _signal_init                              - Undefined Weak Reference
    _terminate_alloc                          - Undefined Weak Reference
    _terminate_user_alloc                     - Undefined Weak Reference
    _terminateio                              - Undefined Weak Reference
    __Vectors_Size                           0x000000ec   Number         0  startup_stm32f10x_md.o ABSOLUTE
    __Vectors                                0x08000000   Data           4  startup_stm32f10x_md.o(RESET)
    __Vectors_End                            0x080000ec   Data           0  startup_stm32f10x_md.o(RESET)
    __main                                   0x080000ed   Thumb Code     8  __main.o(!!!main)
    __scatterload                            0x080000f5   Thumb Code     0  __scatter.o(!!!scatter)
    __scatterload_rt2                        0x080000f5   Thumb Code    44  __scatter.o(!!!scatter)
    __scatterload_rt2_thumb_only             0x080000f5   Thumb Code     0  __scatter.o(!!!scatter)
    __scatterload_null                       0x08000103   Thumb Code     0  __scatter.o(!!!scatter)
    __scatterload_copy                       0x08000129   Thumb Code    26  __scatter_copy.o(!!handler_copy)
    __scatterload_zeroinit                   0x08000145   Thumb Code    28  __scatter_zi.o(!!handler_zi)
    __rt_lib_init                            0x08000161   Thumb Code     0  libinit.o(.ARM.Collect$$libinit$$00000000)
    __rt_lib_init_alloca_1                   0x08000163   Thumb Code     0  libinit2.o(.ARM.Collect$$libinit$$0000002E)
    __rt_lib_init_argv_1                     0x08000163   Thumb Code     0  libinit2.o(.ARM.Collect$$libinit$$0000002C)
    __rt_lib_init_atexit_1                   0x08000163   Thumb Code     0  libinit2.o(.ARM.Collect$$libinit$$0000001B)
    __rt_lib_init_clock_1                    0x08000163   Thumb Code     0  libinit2.o(.ARM.Collect$$libinit$$00000021)
    __rt_lib_init_cpp_1                      0x08000163   Thumb Code     0  libinit2.o(.ARM.Collect$$libinit$$00000032)
    __rt_lib_init_exceptions_1               0x08000163   Thumb Code     0  libinit2.o(.ARM.Collect$$libinit$$00000030)
    __rt_lib_init_fp_1                       0x08000163   Thumb Code     0  libinit2.o(.ARM.Collect$$libinit$$00000002)
    __rt_lib_init_fp_trap_1                  0x08000163   Thumb Code     0  libinit2.o(.ARM.Collect$$libinit$$0000001F)
    __rt_lib_init_getenv_1                   0x08000163   Thumb Code     0  libinit2.o(.ARM.Collect$$libinit$$00000023)
    __rt_lib_init_heap_1                     0x08000163   Thumb Code     0  libinit2.o(.ARM.Collect$$libinit$$0000000A)
    __rt_lib_init_lc_collate_1               0x08000163   Thumb Code     0  libinit2.o(.ARM.Collect$$libinit$$00000011)
    __rt_lib_init_lc_ctype_1                 0x08000163   Thumb Code     0  libinit2.o(.ARM.Collect$$libinit$$00000013)
    __rt_lib_init_lc_monetary_1              0x08000163   Thumb Code     0  libinit2.o(.ARM.Collect$$libinit$$00000015)
    __rt_lib_init_lc_numeric_1               0x08000163   Thumb Code     0  libinit2.o(.ARM.Collect$$libinit$$00000017)
    __rt_lib_init_lc_time_1                  0x08000163   Thumb Code     0  libinit2.o(.ARM.Collect$$libinit$$00000019)
    __rt_lib_init_preinit_1                  0x08000163   Thumb Code     0  libinit2.o(.ARM.Collect$$libinit$$00000004)
    __rt_lib_init_rand_1                     0x08000163   Thumb Code     0  libinit2.o(.ARM.Collect$$libinit$$0000000E)
    __rt_lib_init_return                     0x08000163   Thumb Code     0  libinit2.o(.ARM.Collect$$libinit$$00000033)
    __rt_lib_init_signal_1                   0x08000163   Thumb Code     0  libinit2.o(.ARM.Collect$$libinit$$0000001D)
    __rt_lib_init_stdio_1                    0x08000163   Thumb Code     0  libinit2.o(.ARM.Collect$$libinit$$00000025)
    __rt_lib_init_user_alloc_1               0x08000163   Thumb Code     0  libinit2.o(.ARM.Collect$$libinit$$0000000C)
    __rt_lib_shutdown                        0x08000165   Thumb Code     0  libshutdown.o(.ARM.Collect$$libshutdown$$00000000)
    __rt_lib_shutdown_cpp_1                  0x08000167   Thumb Code     0  libshutdown2.o(.ARM.Collect$$libshutdown$$00000002)
    __rt_lib_shutdown_fp_trap_1              0x08000167   Thumb Code     0  libshutdown2.o(.ARM.Collect$$libshutdown$$00000007)
    __rt_lib_shutdown_heap_1                 0x08000167   Thumb Code     0  libshutdown2.o(.ARM.Collect$$libshutdown$$0000000F)
    __rt_lib_shutdown_return                 0x08000167   Thumb Code     0  libshutdown2.o(.ARM.Collect$$libshutdown$$00000010)
    __rt_lib_shutdown_signal_1               0x08000167   Thumb Code     0  libshutdown2.o(.ARM.Collect$$libshutdown$$0000000A)
    __rt_lib_shutdown_stdio_1                0x08000167   Thumb Code     0  libshutdown2.o(.ARM.Collect$$libshutdown$$00000004)
    __rt_lib_shutdown_user_alloc_1           0x08000167   Thumb Code     0  libshutdown2.o(.ARM.Collect$$libshutdown$$0000000C)
    __rt_entry                               0x08000169   Thumb Code     0  __rtentry.o(.ARM.Collect$$rtentry$$00000000)
    __rt_entry_presh_1                       0x08000169   Thumb Code     0  __rtentry2.o(.ARM.Collect$$rtentry$$00000002)
    __rt_entry_sh                            0x08000169   Thumb Code     0  __rtentry4.o(.ARM.Collect$$rtentry$$00000004)
    __rt_entry_li                            0x0800016f   Thumb Code     0  __rtentry2.o(.ARM.Collect$$rtentry$$0000000A)
    __rt_entry_postsh_1                      0x0800016f   Thumb Code     0  __rtentry2.o(.ARM.Collect$$rtentry$$00000009)
    __rt_entry_main                          0x08000173   Thumb Code     0  __rtentry2.o(.ARM.Collect$$rtentry$$0000000D)
    __rt_entry_postli_1                      0x08000173   Thumb Code     0  __rtentry2.o(.ARM.Collect$$rtentry$$0000000C)
    __rt_exit                                0x0800017b   Thumb Code     0  rtexit.o(.ARM.Collect$$rtexit$$00000000)
    __rt_exit_ls                             0x0800017d   Thumb Code     0  rtexit2.o(.ARM.Collect$$rtexit$$00000003)
    __rt_exit_prels_1                        0x0800017d   Thumb Code     0  rtexit2.o(.ARM.Collect$$rtexit$$00000002)
    __rt_exit_exit                           0x08000181   Thumb Code     0  rtexit2.o(.ARM.Collect$$rtexit$$00000004)
    Reset_Handler                            0x08000189   Thumb Code     8  startup_stm32f10x_md.o(.text)
    ADC1_2_IRQHandler                        0x080001a3   Thumb Code     0  startup_stm32f10x_md.o(.text)
    CAN1_RX1_IRQHandler                      0x080001a3   Thumb Code     0  startup_stm32f10x_md.o(.text)
    CAN1_SCE_IRQHandler                      0x080001a3   Thumb Code     0  startup_stm32f10x_md.o(.text)
    DMA1_Channel1_IRQHandler                 0x080001a3   Thumb Code     0  startup_stm32f10x_md.o(.text)
    DMA1_Channel2_IRQHandler                 0x080001a3   Thumb Code     0  startup_stm32f10x_md.o(.text)
    DMA1_Channel3_IRQHandler                 0x080001a3   Thumb Code     0  startup_stm32f10x_md.o(.text)
    DMA1_Channel4_IRQHandler                 0x080001a3   Thumb Code     0  startup_stm32f10x_md.o(.text)
    DMA1_Channel5_IRQHandler                 0x080001a3   Thumb Code     0  startup_stm32f10x_md.o(.text)
    DMA1_Channel6_IRQHandler                 0x080001a3   Thumb Code     0  startup_stm32f10x_md.o(.text)
    DMA1_Channel7_IRQHandler                 0x080001a3   Thumb Code     0  startup_stm32f10x_md.o(.text)
    EXTI0_IRQHandler                         0x080001a3   Thumb Code     0  startup_stm32f10x_md.o(.text)
    EXTI15_10_IRQHandler                     0x080001a3   Thumb Code     0  startup_stm32f10x_md.o(.text)
    EXTI1_IRQHandler                         0x080001a3   Thumb Code     0  startup_stm32f10x_md.o(.text)
    EXTI2_IRQHandler                         0x080001a3   Thumb Code     0  startup_stm32f10x_md.o(.text)
    EXTI3_IRQHandler                         0x080001a3   Thumb Code     0  startup_stm32f10x_md.o(.text)
    EXTI4_IRQHandler                         0x080001a3   Thumb Code     0  startup_stm32f10x_md.o(.text)
    EXTI9_5_IRQHandler                       0x080001a3   Thumb Code     0  startup_stm32f10x_md.o(.text)
    FLASH_IRQHandler                         0x080001a3   Thumb Code     0  startup_stm32f10x_md.o(.text)
    I2C1_ER_IRQHandler                       0x080001a3   Thumb Code     0  startup_stm32f10x_md.o(.text)
    I2C1_EV_IRQHandler                       0x080001a3   Thumb Code     0  startup_stm32f10x_md.o(.text)
    I2C2_ER_IRQHandler                       0x080001a3   Thumb Code     0  startup_stm32f10x_md.o(.text)
    I2C2_EV_IRQHandler                       0x080001a3   Thumb Code     0  startup_stm32f10x_md.o(.text)
    PVD_IRQHandler                           0x080001a3   Thumb Code     0  startup_stm32f10x_md.o(.text)
    RCC_IRQHandler                           0x080001a3   Thumb Code     0  startup_stm32f10x_md.o(.text)
    RTCAlarm_IRQHandler                      0x080001a3   Thumb Code     0  startup_stm32f10x_md.o(.text)
    RTC_IRQHandler                           0x080001a3   Thumb Code     0  startup_stm32f10x_md.o(.text)
    SPI1_IRQHandler                          0x080001a3   Thumb Code     0  startup_stm32f10x_md.o(.text)
    SPI2_IRQHandler                          0x080001a3   Thumb Code     0  startup_stm32f10x_md.o(.text)
    TAMPER_IRQHandler                        0x080001a3   Thumb Code     0  startup_stm32f10x_md.o(.text)
    TIM1_BRK_IRQHandler                      0x080001a3   Thumb Code     0  startup_stm32f10x_md.o(.text)
    TIM1_CC_IRQHandler                       0x080001a3   Thumb Code     0  startup_stm32f10x_md.o(.text)
    TIM1_TRG_COM_IRQHandler                  0x080001a3   Thumb Code     0  startup_stm32f10x_md.o(.text)
    TIM1_UP_IRQHandler                       0x080001a3   Thumb Code     0  startup_stm32f10x_md.o(.text)
    TIM2_IRQHandler                          0x080001a3   Thumb Code     0  startup_stm32f10x_md.o(.text)
    TIM4_IRQHandler                          0x080001a3   Thumb Code     0  startup_stm32f10x_md.o(.text)
    USART2_IRQHandler                        0x080001a3   Thumb Code     0  startup_stm32f10x_md.o(.text)
    USART3_IRQHandler                        0x080001a3   Thumb Code     0  startup_stm32f10x_md.o(.text)
    USBWakeUp_IRQHandler                     0x080001a3   Thumb Code     0  startup_stm32f10x_md.o(.text)
    USB_HP_CAN1_TX_IRQHandler                0x080001a3   Thumb Code     0  startup_stm32f10x_md.o(.text)
    USB_LP_CAN1_RX0_IRQHandler               0x080001a3   Thumb Code     0  startup_stm32f10x_md.o(.text)
    WWDG_IRQHandler                          0x080001a3   Thumb Code     0  startup_stm32f10x_md.o(.text)
    __user_initial_stackheap                 0x080001a5   Thumb Code     0  startup_stm32f10x_md.o(.text)
    __use_two_region_memory                  0x080001c9   Thumb Code     2  heapauxi.o(.text)
    __rt_heap_escrow$2region                 0x080001cb   Thumb Code     2  heapauxi.o(.text)
    __rt_heap_expand$2region                 0x080001cd   Thumb Code     2  heapauxi.o(.text)
    __user_libspace                          0x080001d1   Thumb Code     8  libspace.o(.text)
    __user_perproc_libspace                  0x080001d1   Thumb Code     0  libspace.o(.text)
    __user_perthread_libspace                0x080001d1   Thumb Code     0  libspace.o(.text)
    __user_setup_stackheap                   0x080001d9   Thumb Code    74  sys_stackheap_outer.o(.text)
    exit                                     0x08000223   Thumb Code    18  exit.o(.text)
    _sys_exit                                0x08000235   Thumb Code     8  sys_exit.o(.text)
    __I$use$semihosting                      0x08000241   Thumb Code     0  use_no_semi.o(.text)
    __use_no_semihosting_swi                 0x08000241   Thumb Code     2  use_no_semi.o(.text)
    ADC_Cmd                                  0x08000243   Thumb Code    22  stm32f10x_adc.o(i.ADC_Cmd)
    __semihosting_library_function           0x08000243   Thumb Code     0  indicate_semi.o(.text)
    ADC_GetCalibrationStatus                 0x08000259   Thumb Code    20  stm32f10x_adc.o(i.ADC_GetCalibrationStatus)
    ADC_GetConversionValue                   0x0800026d   Thumb Code     8  stm32f10x_adc.o(i.ADC_GetConversionValue)
    ADC_GetFlagStatus                        0x08000275   Thumb Code    18  stm32f10x_adc.o(i.ADC_GetFlagStatus)
    ADC_GetResetCalibrationStatus            0x08000287   Thumb Code    20  stm32f10x_adc.o(i.ADC_GetResetCalibrationStatus)
    ADC_Init                                 0x0800029d   Thumb Code    70  stm32f10x_adc.o(i.ADC_Init)
    ADC_RegularChannelConfig                 0x080002ed   Thumb Code   184  stm32f10x_adc.o(i.ADC_RegularChannelConfig)
    ADC_ResetCalibration                     0x080003a5   Thumb Code    10  stm32f10x_adc.o(i.ADC_ResetCalibration)
    ADC_SoftwareStartConvCmd                 0x080003af   Thumb Code    22  stm32f10x_adc.o(i.ADC_SoftwareStartConvCmd)
    ADC_StartCalibration                     0x080003c5   Thumb Code    10  stm32f10x_adc.o(i.ADC_StartCalibration)
    AD_Init                                  0x080003d1   Thumb Code   152  ad.o(i.AD_Init)
    BusFault_Handler                         0x08000471   Thumb Code     4  stm32f10x_it.o(i.BusFault_Handler)
    Control_Init                             0x08000475   Thumb Code     8  control.o(i.Control_Init)
    DebugMon_Handler                         0x0800047d   Thumb Code     2  stm32f10x_it.o(i.DebugMon_Handler)
    Face_Config                              0x08000481   Thumb Code   270  face_config.o(i.Face_Config)
    GPIO_Init                                0x080005cd   Thumb Code   278  stm32f10x_gpio.o(i.GPIO_Init)
    GPIO_ResetBits                           0x080006e3   Thumb Code     4  stm32f10x_gpio.o(i.GPIO_ResetBits)
    GPIO_SetBits                             0x080006e7   Thumb Code     4  stm32f10x_gpio.o(i.GPIO_SetBits)
    GPIO_WriteBit                            0x080006eb   Thumb Code    10  stm32f10x_gpio.o(i.GPIO_WriteBit)
    GetBattery                               0x080006f5   Thumb Code    84  powerdetection.o(i.GetBattery)
    GetBattery_Init                          0x0800075d   Thumb Code     8  powerdetection.o(i.GetBattery_Init)
    GetCur_Power                             0x08000765   Thumb Code    66  powerdetection.o(i.GetCur_Power)
    Get_ADC                                  0x080007b9   Thumb Code    32  ad.o(i.Get_ADC)
    HardFault_Handler                        0x080007dd   Thumb Code     4  stm32f10x_it.o(i.HardFault_Handler)
    LED_Breathing                            0x080007e1   Thumb Code   192  led_breathing.o(i.LED_Breathing)
    MemManage_Handler                        0x080008b5   Thumb Code     4  stm32f10x_it.o(i.MemManage_Handler)
    Motor_Init                               0x080008b9   Thumb Code    38  motor.o(i.Motor_Init)
    Motor_SetSpeed                           0x080008e5   Thumb Code    58  motor.o(i.Motor_SetSpeed)
    NMI_Handler                              0x08000925   Thumb Code     2  stm32f10x_it.o(i.NMI_Handler)
    NVIC_Init                                0x08000929   Thumb Code   100  misc.o(i.NVIC_Init)
    NVIC_PriorityGroupConfig                 0x08000999   Thumb Code    10  misc.o(i.NVIC_PriorityGroupConfig)
    OLED_Clear                               0x080009ad   Thumb Code    36  oled.o(i.OLED_Clear)
    OLED_ClearArea                           0x080009d5   Thumb Code   140  oled.o(i.OLED_ClearArea)
    OLED_GPIO_Init                           0x08000a65   Thumb Code    92  oled.o(i.OLED_GPIO_Init)
    OLED_I2C_SendByte                        0x08000ac5   Thumb Code    62  oled.o(i.OLED_I2C_SendByte)
    OLED_I2C_Start                           0x08000b03   Thumb Code    28  oled.o(i.OLED_I2C_Start)
    OLED_I2C_Stop                            0x08000b1f   Thumb Code    22  oled.o(i.OLED_I2C_Stop)
    OLED_Init                                0x08000b35   Thumb Code   154  oled.o(i.OLED_Init)
    OLED_Pow                                 0x08000bcf   Thumb Code    20  oled.o(i.OLED_Pow)
    OLED_SetCursor                           0x08000be3   Thumb Code    38  oled.o(i.OLED_SetCursor)
    OLED_ShowChar                            0x08000c09   Thumb Code    74  oled.o(i.OLED_ShowChar)
    OLED_ShowImage                           0x08000c5d   Thumb Code   248  oled.o(i.OLED_ShowImage)
    OLED_ShowNum                             0x08000d59   Thumb Code    76  oled.o(i.OLED_ShowNum)
    OLED_ShowString                          0x08000da5   Thumb Code    46  oled.o(i.OLED_ShowString)
    OLED_Update                              0x08000dd5   Thumb Code    36  oled.o(i.OLED_Update)
    OLED_W_SCL                               0x08000dfd   Thumb Code    18  oled.o(i.OLED_W_SCL)
    OLED_W_SDA                               0x08000e15   Thumb Code    18  oled.o(i.OLED_W_SDA)
    OLED_WriteCommand                        0x08000e2d   Thumb Code    32  oled.o(i.OLED_WriteCommand)
    OLED_WriteData                           0x08000e4d   Thumb Code    46  oled.o(i.OLED_WriteData)
    PWM_Init                                 0x08000e7d   Thumb Code   284  pwm.o(i.PWM_Init)
    PWM_LED                                  0x08000fa5   Thumb Code    14  pwm.o(i.PWM_LED)
    PWM_motor                                0x08000fb9   Thumb Code    16  pwm.o(i.PWM_motor)
    PWM_servo                                0x08000fc9   Thumb Code    14  pwm.o(i.PWM_servo)
    PendSV_Handler                           0x08000fdd   Thumb Code     2  stm32f10x_it.o(i.PendSV_Handler)
    RCC_ADCCLKConfig                         0x08000fe1   Thumb Code    18  stm32f10x_rcc.o(i.RCC_ADCCLKConfig)
    RCC_APB1PeriphClockCmd                   0x08000ff9   Thumb Code    26  stm32f10x_rcc.o(i.RCC_APB1PeriphClockCmd)
    RCC_APB2PeriphClockCmd                   0x08001019   Thumb Code    26  stm32f10x_rcc.o(i.RCC_APB2PeriphClockCmd)
    RCC_GetClocksFreq                        0x08001039   Thumb Code   192  stm32f10x_rcc.o(i.RCC_GetClocksFreq)
    SVC_Handler                              0x0800110d   Thumb Code     2  stm32f10x_it.o(i.SVC_Handler)
    Servo_Init                               0x08001111   Thumb Code    30  servo.o(i.Servo_Init)
    Servo_SetTarget                          0x08001141   Thumb Code    40  servo.o(i.Servo_SetTarget)
    Servo_Update                             0x08001175   Thumb Code   250  servo.o(i.Servo_Update)
    Servo_oscillation                        0x08001289   Thumb Code    48  servo.o(i.Servo_oscillation)
    SysTick_Handler                          0x080013ad   Thumb Code     2  stm32f10x_it.o(i.SysTick_Handler)
    SystemInit                               0x080013b1   Thumb Code    78  system_stm32f10x.o(i.SystemInit)
    TIM3_IRQHandler                          0x08001411   Thumb Code    36  main.o(i.TIM3_IRQHandler)
    TIM_ClearITPendingBit                    0x08001439   Thumb Code     6  stm32f10x_tim.o(i.TIM_ClearITPendingBit)
    TIM_Cmd                                  0x0800143f   Thumb Code    24  stm32f10x_tim.o(i.TIM_Cmd)
    TIM_GetITStatus                          0x08001457   Thumb Code    34  stm32f10x_tim.o(i.TIM_GetITStatus)
    TIM_ITConfig                             0x08001479   Thumb Code    18  stm32f10x_tim.o(i.TIM_ITConfig)
    TIM_InternalClockConfig                  0x0800148b   Thumb Code    12  stm32f10x_tim.o(i.TIM_InternalClockConfig)
    TIM_OC1Init                              0x08001499   Thumb Code   132  stm32f10x_tim.o(i.TIM_OC1Init)
    TIM_OC3Init                              0x08001531   Thumb Code   150  stm32f10x_tim.o(i.TIM_OC3Init)
    TIM_OC4Init                              0x080015d1   Thumb Code   114  stm32f10x_tim.o(i.TIM_OC4Init)
    TIM_OCStructInit                         0x0800164d   Thumb Code    20  stm32f10x_tim.o(i.TIM_OCStructInit)
    TIM_SetCompare1                          0x08001661   Thumb Code     4  stm32f10x_tim.o(i.TIM_SetCompare1)
    TIM_SetCompare3                          0x08001665   Thumb Code     4  stm32f10x_tim.o(i.TIM_SetCompare3)
    TIM_SetCompare4                          0x08001669   Thumb Code     6  stm32f10x_tim.o(i.TIM_SetCompare4)
    TIM_TimeBaseInit                         0x08001671   Thumb Code   122  stm32f10x_tim.o(i.TIM_TimeBaseInit)
    USART1_IRQHandler                        0x08001715   Thumb Code   190  control.o(i.USART1_IRQHandler)
    USART_ClearITPendingBit                  0x080017f1   Thumb Code    30  stm32f10x_usart.o(i.USART_ClearITPendingBit)
    USART_Cmd                                0x0800180f   Thumb Code    24  stm32f10x_usart.o(i.USART_Cmd)
    USART_GetITStatus                        0x08001827   Thumb Code    84  stm32f10x_usart.o(i.USART_GetITStatus)
    USART_ITConfig                           0x0800187b   Thumb Code    74  stm32f10x_usart.o(i.USART_ITConfig)
    USART_Init                               0x080018c5   Thumb Code   210  stm32f10x_usart.o(i.USART_Init)
    USART_ReceiveData                        0x0800199d   Thumb Code    10  stm32f10x_usart.o(i.USART_ReceiveData)
    UsageFault_Handler                       0x080019a7   Thumb Code     4  stm32f10x_it.o(i.UsageFault_Handler)
    Usart_Init                               0x080019ad   Thumb Code   174  usart.o(i.Usart_Init)
    first_gear                               0x08001a65   Thumb Code    12  operating mode.o(i.first_gear)
    main                                     0x08001a71   Thumb Code    54  main.o(i.main)
    mode_Perform                             0x08001aad   Thumb Code    80  operating mode.o(i.mode_Perform)
    second_gear                              0x08001b05   Thumb Code    12  operating mode.o(i.second_gear)
    start_swaying                            0x08001b11   Thumb Code    10  operating mode.o(i.start_swaying)
    stop_swaying                             0x08001b21   Thumb Code    16  operating mode.o(i.stop_swaying)
    top_gear                                 0x08001b39   Thumb Code    12  operating mode.o(i.top_gear)
    turn_off                                 0x08001b45   Thumb Code    10  operating mode.o(i.turn_off)
    __aeabi_d2f                              0x08001b51   Thumb Code     0  d2f.o(x$fpl$d2f)
    _d2f                                     0x08001b51   Thumb Code    98  d2f.o(x$fpl$d2f)
    __aeabi_dadd                             0x08001bb5   Thumb Code     0  daddsub_clz.o(x$fpl$dadd)
    _dadd                                    0x08001bb5   Thumb Code   332  daddsub_clz.o(x$fpl$dadd)
    __aeabi_ddiv                             0x08001d05   Thumb Code     0  ddiv.o(x$fpl$ddiv)
    _ddiv                                    0x08001d05   Thumb Code   552  ddiv.o(x$fpl$ddiv)
    __aeabi_ui2d                             0x08001fb5   Thumb Code     0  dflt_clz.o(x$fpl$dfltu)
    _dfltu                                   0x08001fb5   Thumb Code    38  dflt_clz.o(x$fpl$dfltu)
    __aeabi_dmul                             0x08001fdd   Thumb Code     0  dmul.o(x$fpl$dmul)
    _dmul                                    0x08001fdd   Thumb Code   332  dmul.o(x$fpl$dmul)
    __fpl_dnaninf                            0x08002131   Thumb Code   156  dnaninf.o(x$fpl$dnaninf)
    __fpl_dretinf                            0x080021cd   Thumb Code    12  dretinf.o(x$fpl$dretinf)
    __aeabi_dsub                             0x080021d9   Thumb Code     0  daddsub_clz.o(x$fpl$dsub)
    _dsub                                    0x080021d9   Thumb Code   464  daddsub_clz.o(x$fpl$dsub)
    __aeabi_fadd                             0x080023ad   Thumb Code     0  faddsub_clz.o(x$fpl$fadd)
    _fadd                                    0x080023ad   Thumb Code   196  faddsub_clz.o(x$fpl$fadd)
    __fpl_fcmp_Inf                           0x08002471   Thumb Code    24  fcmpi.o(x$fpl$fcmpinf)
    __aeabi_fdiv                             0x08002489   Thumb Code     0  fdiv.o(x$fpl$fdiv)
    _fdiv                                    0x08002489   Thumb Code   384  fdiv.o(x$fpl$fdiv)
    __aeabi_cfcmpeq                          0x0800260d   Thumb Code     0  feqf.o(x$fpl$feqf)
    _fcmpeq                                  0x0800260d   Thumb Code   104  feqf.o(x$fpl$feqf)
    __aeabi_f2uiz                            0x08002675   Thumb Code     0  ffixu.o(x$fpl$ffixu)
    _ffixu                                   0x08002675   Thumb Code    62  ffixu.o(x$fpl$ffixu)
    __aeabi_cfcmple                          0x080026b5   Thumb Code     0  fleqf.o(x$fpl$fleqf)
    _fcmple                                  0x080026b5   Thumb Code   104  fleqf.o(x$fpl$fleqf)
    __fpl_fcmple_InfNaN                      0x08002707   Thumb Code     0  fleqf.o(x$fpl$fleqf)
    __aeabi_fmul                             0x0800271d   Thumb Code     0  fmul.o(x$fpl$fmul)
    _fmul                                    0x0800271d   Thumb Code   258  fmul.o(x$fpl$fmul)
    __fpl_fnaninf                            0x0800281f   Thumb Code   140  fnaninf.o(x$fpl$fnaninf)
    __fpl_fretinf                            0x080028ab   Thumb Code    10  fretinf.o(x$fpl$fretinf)
    __aeabi_cfrcmple                         0x080028b5   Thumb Code     0  frleqf.o(x$fpl$frleqf)
    _frcmple                                 0x080028b5   Thumb Code    98  frleqf.o(x$fpl$frleqf)
    __aeabi_fsub                             0x08002919   Thumb Code     0  faddsub_clz.o(x$fpl$fsub)
    _fsub                                    0x08002919   Thumb Code   234  faddsub_clz.o(x$fpl$fsub)
    OLED_F8x16                               0x08002a02   Data        1520  oled_data.o(.constdata)
    __I$use$fp                               0x08002a02   Number         0  usenofp.o(x$fpl$usenofp)
    OLED_F6x8                                0x08002ff2   Data         570  oled_data.o(.constdata)
    OLED_CF16x16                             0x0800322c   Data         252  oled_data.o(.constdata)
    Diode                                    0x08003328   Data          32  oled_data.o(.constdata)
    Face_hello                               0x08003348   Data        1024  oled_data.o(.constdata)
    Face_eyes                                0x08003748   Data        1024  oled_data.o(.constdata)
    Face_happy                               0x08003b48   Data        1024  oled_data.o(.constdata)
    Face_mania                               0x08003f48   Data        1024  oled_data.o(.constdata)
    Face_sleep                               0x08004348   Data        1024  oled_data.o(.constdata)
    Face_stare                               0x08004748   Data        1024  oled_data.o(.constdata)
    Face_very_happy                          0x08004b48   Data        1024  oled_data.o(.constdata)
    Region$$Table$$Base                      0x08004f48   Number         0  anon$$obj.o(Region$$Table)
    Region$$Table$$Limit                     0x08004f68   Number         0  anon$$obj.o(Region$$Table)
    Face_Mode                                0x20000014   Data           2  variable.o(.data)
    Fan_Speed                                0x20000016   Data           2  variable.o(.data)
    Fan_Swing                                0x20000018   Data           2  variable.o(.data)
    Servo_Current                            0x2000001c   Data           4  variable.o(.data)
    Servo_Target                             0x20000020   Data           4  variable.o(.data)
    Servo_Enable                             0x20000024   Data           2  variable.o(.data)
    Swing_Direction                          0x20000026   Data           2  variable.o(.data)
    Time                                     0x20000028   Data           2  variable.o(.data)
    HuXi                                     0x2000002a   Data           2  variable.o(.data)
    PanDuan                                  0x2000002c   Data           2  variable.o(.data)
    Wait                                     0x2000002e   Data           2  variable.o(.data)
    AllLed                                   0x20000030   Data           2  variable.o(.data)
    BreatheLed                               0x20000032   Data           2  variable.o(.data)
    Battery_Value                            0x20000034   Data           4  variable.o(.data)
    temp                                     0x20000038   Data           2  variable.o(.data)
    temp1                                    0x2000003a   Data           2  variable.o(.data)
    CurBattery                               0x2000003c   Data           2  variable.o(.data)
    Battery_num                              0x2000003e   Data           1  variable.o(.data)
    Battery_Bit                              0x2000003f   Data           1  variable.o(.data)
    OLED_DisplayBuf                          0x20000040   Data        1024  oled.o(.bss)
    __libspace_start                         0x20000440   Data          96  libspace.o(.bss)
    __temporary_stack_top$libspace           0x200004a0   Data           0  libspace.o(.bss)



==============================================================================

Memory Map of the image

  Image Entry point : 0x080000ed

  Load Region LR_IROM1 (Base: 0x08000000, Size: 0x00004fa8, Max: 0x00010000, ABSOLUTE)

    Execution Region ER_IROM1 (Exec base: 0x08000000, Load base: 0x08000000, Size: 0x00004f68, Max: 0x00010000, ABSOLUTE)

    Exec Addr    Load Addr    Size         Type   Attr      Idx    E Section Name        Object

    0x08000000   0x08000000   0x000000ec   Data   RO            3    RESET               startup_stm32f10x_md.o
    0x080000ec   0x080000ec   0x00000008   Code   RO         3872  * !!!main             c_w.l(__main.o)
    0x080000f4   0x080000f4   0x00000034   Code   RO         4317    !!!scatter          c_w.l(__scatter.o)
    0x08000128   0x08000128   0x0000001a   Code   RO         4319    !!handler_copy      c_w.l(__scatter_copy.o)
    0x08000142   0x08000142   0x00000002   PAD
    0x08000144   0x08000144   0x0000001c   Code   RO         4321    !!handler_zi        c_w.l(__scatter_zi.o)
    0x08000160   0x08000160   0x00000002   Code   RO         4179    .ARM.Collect$$libinit$$00000000  c_w.l(libinit.o)
    0x08000162   0x08000162   0x00000000   Code   RO         4190    .ARM.Collect$$libinit$$00000002  c_w.l(libinit2.o)
    0x08000162   0x08000162   0x00000000   Code   RO         4192    .ARM.Collect$$libinit$$00000004  c_w.l(libinit2.o)
    0x08000162   0x08000162   0x00000000   Code   RO         4195    .ARM.Collect$$libinit$$0000000A  c_w.l(libinit2.o)
    0x08000162   0x08000162   0x00000000   Code   RO         4197    .ARM.Collect$$libinit$$0000000C  c_w.l(libinit2.o)
    0x08000162   0x08000162   0x00000000   Code   RO         4199    .ARM.Collect$$libinit$$0000000E  c_w.l(libinit2.o)
    0x08000162   0x08000162   0x00000000   Code   RO         4202    .ARM.Collect$$libinit$$00000011  c_w.l(libinit2.o)
    0x08000162   0x08000162   0x00000000   Code   RO         4204    .ARM.Collect$$libinit$$00000013  c_w.l(libinit2.o)
    0x08000162   0x08000162   0x00000000   Code   RO         4206    .ARM.Collect$$libinit$$00000015  c_w.l(libinit2.o)
    0x08000162   0x08000162   0x00000000   Code   RO         4208    .ARM.Collect$$libinit$$00000017  c_w.l(libinit2.o)
    0x08000162   0x08000162   0x00000000   Code   RO         4210    .ARM.Collect$$libinit$$00000019  c_w.l(libinit2.o)
    0x08000162   0x08000162   0x00000000   Code   RO         4212    .ARM.Collect$$libinit$$0000001B  c_w.l(libinit2.o)
    0x08000162   0x08000162   0x00000000   Code   RO         4214    .ARM.Collect$$libinit$$0000001D  c_w.l(libinit2.o)
    0x08000162   0x08000162   0x00000000   Code   RO         4216    .ARM.Collect$$libinit$$0000001F  c_w.l(libinit2.o)
    0x08000162   0x08000162   0x00000000   Code   RO         4218    .ARM.Collect$$libinit$$00000021  c_w.l(libinit2.o)
    0x08000162   0x08000162   0x00000000   Code   RO         4220    .ARM.Collect$$libinit$$00000023  c_w.l(libinit2.o)
    0x08000162   0x08000162   0x00000000   Code   RO         4222    .ARM.Collect$$libinit$$00000025  c_w.l(libinit2.o)
    0x08000162   0x08000162   0x00000000   Code   RO         4226    .ARM.Collect$$libinit$$0000002C  c_w.l(libinit2.o)
    0x08000162   0x08000162   0x00000000   Code   RO         4228    .ARM.Collect$$libinit$$0000002E  c_w.l(libinit2.o)
    0x08000162   0x08000162   0x00000000   Code   RO         4230    .ARM.Collect$$libinit$$00000030  c_w.l(libinit2.o)
    0x08000162   0x08000162   0x00000000   Code   RO         4232    .ARM.Collect$$libinit$$00000032  c_w.l(libinit2.o)
    0x08000162   0x08000162   0x00000002   Code   RO         4233    .ARM.Collect$$libinit$$00000033  c_w.l(libinit2.o)
    0x08000164   0x08000164   0x00000002   Code   RO         4257    .ARM.Collect$$libshutdown$$00000000  c_w.l(libshutdown.o)
    0x08000166   0x08000166   0x00000000   Code   RO         4270    .ARM.Collect$$libshutdown$$00000002  c_w.l(libshutdown2.o)
    0x08000166   0x08000166   0x00000000   Code   RO         4272    .ARM.Collect$$libshutdown$$00000004  c_w.l(libshutdown2.o)
    0x08000166   0x08000166   0x00000000   Code   RO         4275    .ARM.Collect$$libshutdown$$00000007  c_w.l(libshutdown2.o)
    0x08000166   0x08000166   0x00000000   Code   RO         4278    .ARM.Collect$$libshutdown$$0000000A  c_w.l(libshutdown2.o)
    0x08000166   0x08000166   0x00000000   Code   RO         4280    .ARM.Collect$$libshutdown$$0000000C  c_w.l(libshutdown2.o)
    0x08000166   0x08000166   0x00000000   Code   RO         4283    .ARM.Collect$$libshutdown$$0000000F  c_w.l(libshutdown2.o)
    0x08000166   0x08000166   0x00000002   Code   RO         4284    .ARM.Collect$$libshutdown$$00000010  c_w.l(libshutdown2.o)
    0x08000168   0x08000168   0x00000000   Code   RO         3944    .ARM.Collect$$rtentry$$00000000  c_w.l(__rtentry.o)
    0x08000168   0x08000168   0x00000000   Code   RO         4087    .ARM.Collect$$rtentry$$00000002  c_w.l(__rtentry2.o)
    0x08000168   0x08000168   0x00000006   Code   RO         4099    .ARM.Collect$$rtentry$$00000004  c_w.l(__rtentry4.o)
    0x0800016e   0x0800016e   0x00000000   Code   RO         4089    .ARM.Collect$$rtentry$$00000009  c_w.l(__rtentry2.o)
    0x0800016e   0x0800016e   0x00000004   Code   RO         4090    .ARM.Collect$$rtentry$$0000000A  c_w.l(__rtentry2.o)
    0x08000172   0x08000172   0x00000000   Code   RO         4092    .ARM.Collect$$rtentry$$0000000C  c_w.l(__rtentry2.o)
    0x08000172   0x08000172   0x00000008   Code   RO         4093    .ARM.Collect$$rtentry$$0000000D  c_w.l(__rtentry2.o)
    0x0800017a   0x0800017a   0x00000002   Code   RO         4184    .ARM.Collect$$rtexit$$00000000  c_w.l(rtexit.o)
    0x0800017c   0x0800017c   0x00000000   Code   RO         4237    .ARM.Collect$$rtexit$$00000002  c_w.l(rtexit2.o)
    0x0800017c   0x0800017c   0x00000004   Code   RO         4238    .ARM.Collect$$rtexit$$00000003  c_w.l(rtexit2.o)
    0x08000180   0x08000180   0x00000006   Code   RO         4239    .ARM.Collect$$rtexit$$00000004  c_w.l(rtexit2.o)
    0x08000186   0x08000186   0x00000002   PAD
    0x08000188   0x08000188   0x00000040   Code   RO            4    .text               startup_stm32f10x_md.o
    0x080001c8   0x080001c8   0x00000006   Code   RO         3870    .text               c_w.l(heapauxi.o)
    0x080001ce   0x080001ce   0x00000002   PAD
    0x080001d0   0x080001d0   0x00000008   Code   RO         4130    .text               c_w.l(libspace.o)
    0x080001d8   0x080001d8   0x0000004a   Code   RO         4133    .text               c_w.l(sys_stackheap_outer.o)
    0x08000222   0x08000222   0x00000012   Code   RO         4172    .text               c_w.l(exit.o)
    0x08000234   0x08000234   0x0000000c   Code   RO         4249    .text               c_w.l(sys_exit.o)
    0x08000240   0x08000240   0x00000002   Code   RO         4260    .text               c_w.l(use_no_semi.o)
    0x08000242   0x08000242   0x00000000   Code   RO         4262    .text               c_w.l(indicate_semi.o)
    0x08000242   0x08000242   0x00000016   Code   RO          202    i.ADC_Cmd           stm32f10x_adc.o
    0x08000258   0x08000258   0x00000014   Code   RO          210    i.ADC_GetCalibrationStatus  stm32f10x_adc.o
    0x0800026c   0x0800026c   0x00000008   Code   RO          211    i.ADC_GetConversionValue  stm32f10x_adc.o
    0x08000274   0x08000274   0x00000012   Code   RO          213    i.ADC_GetFlagStatus  stm32f10x_adc.o
    0x08000286   0x08000286   0x00000014   Code   RO          216    i.ADC_GetResetCalibrationStatus  stm32f10x_adc.o
    0x0800029a   0x0800029a   0x00000002   PAD
    0x0800029c   0x0800029c   0x00000050   Code   RO          220    i.ADC_Init          stm32f10x_adc.o
    0x080002ec   0x080002ec   0x000000b8   Code   RO          224    i.ADC_RegularChannelConfig  stm32f10x_adc.o
    0x080003a4   0x080003a4   0x0000000a   Code   RO          225    i.ADC_ResetCalibration  stm32f10x_adc.o
    0x080003ae   0x080003ae   0x00000016   Code   RO          227    i.ADC_SoftwareStartConvCmd  stm32f10x_adc.o
    0x080003c4   0x080003c4   0x0000000a   Code   RO          229    i.ADC_StartCalibration  stm32f10x_adc.o
    0x080003ce   0x080003ce   0x00000002   PAD
    0x080003d0   0x080003d0   0x000000a0   Code   RO         3312    i.AD_Init           ad.o
    0x08000470   0x08000470   0x00000004   Code   RO         3249    i.BusFault_Handler  stm32f10x_it.o
    0x08000474   0x08000474   0x00000008   Code   RO         3699    i.Control_Init      control.o
    0x0800047c   0x0800047c   0x00000002   Code   RO         3250    i.DebugMon_Handler  stm32f10x_it.o
    0x0800047e   0x0800047e   0x00000002   PAD
    0x08000480   0x08000480   0x0000014c   Code   RO         3726    i.Face_Config       face_config.o
    0x080005cc   0x080005cc   0x00000116   Code   RO         1347    i.GPIO_Init         stm32f10x_gpio.o
    0x080006e2   0x080006e2   0x00000004   Code   RO         1354    i.GPIO_ResetBits    stm32f10x_gpio.o
    0x080006e6   0x080006e6   0x00000004   Code   RO         1355    i.GPIO_SetBits      stm32f10x_gpio.o
    0x080006ea   0x080006ea   0x0000000a   Code   RO         1358    i.GPIO_WriteBit     stm32f10x_gpio.o
    0x080006f4   0x080006f4   0x00000068   Code   RO         3801    i.GetBattery        powerdetection.o
    0x0800075c   0x0800075c   0x00000008   Code   RO         3802    i.GetBattery_Init   powerdetection.o
    0x08000764   0x08000764   0x00000054   Code   RO         3803    i.GetCur_Power      powerdetection.o
    0x080007b8   0x080007b8   0x00000024   Code   RO         3313    i.Get_ADC           ad.o
    0x080007dc   0x080007dc   0x00000004   Code   RO         3251    i.HardFault_Handler  stm32f10x_it.o
    0x080007e0   0x080007e0   0x000000d4   Code   RO         3741    i.LED_Breathing     led_breathing.o
    0x080008b4   0x080008b4   0x00000004   Code   RO         3252    i.MemManage_Handler  stm32f10x_it.o
    0x080008b8   0x080008b8   0x0000002c   Code   RO         3681    i.Motor_Init        motor.o
    0x080008e4   0x080008e4   0x00000040   Code   RO         3682    i.Motor_SetSpeed    motor.o
    0x08000924   0x08000924   0x00000002   Code   RO         3253    i.NMI_Handler       stm32f10x_it.o
    0x08000926   0x08000926   0x00000002   PAD
    0x08000928   0x08000928   0x00000070   Code   RO          137    i.NVIC_Init         misc.o
    0x08000998   0x08000998   0x00000014   Code   RO          138    i.NVIC_PriorityGroupConfig  misc.o
    0x080009ac   0x080009ac   0x00000028   Code   RO         3333    i.OLED_Clear        oled.o
    0x080009d4   0x080009d4   0x00000090   Code   RO         3334    i.OLED_ClearArea    oled.o
    0x08000a64   0x08000a64   0x00000060   Code   RO         3342    i.OLED_GPIO_Init    oled.o
    0x08000ac4   0x08000ac4   0x0000003e   Code   RO         3344    i.OLED_I2C_SendByte  oled.o
    0x08000b02   0x08000b02   0x0000001c   Code   RO         3345    i.OLED_I2C_Start    oled.o
    0x08000b1e   0x08000b1e   0x00000016   Code   RO         3346    i.OLED_I2C_Stop     oled.o
    0x08000b34   0x08000b34   0x0000009a   Code   RO         3347    i.OLED_Init         oled.o
    0x08000bce   0x08000bce   0x00000014   Code   RO         3349    i.OLED_Pow          oled.o
    0x08000be2   0x08000be2   0x00000026   Code   RO         3353    i.OLED_SetCursor    oled.o
    0x08000c08   0x08000c08   0x00000054   Code   RO         3355    i.OLED_ShowChar     oled.o
    0x08000c5c   0x08000c5c   0x000000fc   Code   RO         3359    i.OLED_ShowImage    oled.o
    0x08000d58   0x08000d58   0x0000004c   Code   RO         3360    i.OLED_ShowNum      oled.o
    0x08000da4   0x08000da4   0x0000002e   Code   RO         3362    i.OLED_ShowString   oled.o
    0x08000dd2   0x08000dd2   0x00000002   PAD
    0x08000dd4   0x08000dd4   0x00000028   Code   RO         3363    i.OLED_Update       oled.o
    0x08000dfc   0x08000dfc   0x00000018   Code   RO         3365    i.OLED_W_SCL        oled.o
    0x08000e14   0x08000e14   0x00000018   Code   RO         3366    i.OLED_W_SDA        oled.o
    0x08000e2c   0x08000e2c   0x00000020   Code   RO         3367    i.OLED_WriteCommand  oled.o
    0x08000e4c   0x08000e4c   0x0000002e   Code   RO         3368    i.OLED_WriteData    oled.o
    0x08000e7a   0x08000e7a   0x00000002   PAD
    0x08000e7c   0x08000e7c   0x00000128   Code   RO         3597    i.PWM_Init          pwm.o
    0x08000fa4   0x08000fa4   0x00000014   Code   RO         3598    i.PWM_LED           pwm.o
    0x08000fb8   0x08000fb8   0x00000010   Code   RO         3599    i.PWM_motor         pwm.o
    0x08000fc8   0x08000fc8   0x00000014   Code   RO         3600    i.PWM_servo         pwm.o
    0x08000fdc   0x08000fdc   0x00000002   Code   RO         3254    i.PendSV_Handler    stm32f10x_it.o
    0x08000fde   0x08000fde   0x00000002   PAD
    0x08000fe0   0x08000fe0   0x00000018   Code   RO         1773    i.RCC_ADCCLKConfig  stm32f10x_rcc.o
    0x08000ff8   0x08000ff8   0x00000020   Code   RO         1775    i.RCC_APB1PeriphClockCmd  stm32f10x_rcc.o
    0x08001018   0x08001018   0x00000020   Code   RO         1777    i.RCC_APB2PeriphClockCmd  stm32f10x_rcc.o
    0x08001038   0x08001038   0x000000d4   Code   RO         1785    i.RCC_GetClocksFreq  stm32f10x_rcc.o
    0x0800110c   0x0800110c   0x00000002   Code   RO         3255    i.SVC_Handler       stm32f10x_it.o
    0x0800110e   0x0800110e   0x00000002   PAD
    0x08001110   0x08001110   0x00000030   Code   RO         3630    i.Servo_Init        servo.o
    0x08001140   0x08001140   0x00000034   Code   RO         3631    i.Servo_SetTarget   servo.o
    0x08001174   0x08001174   0x00000114   Code   RO         3632    i.Servo_Update      servo.o
    0x08001288   0x08001288   0x0000003c   Code   RO         3633    i.Servo_oscillation  servo.o
    0x080012c4   0x080012c4   0x00000008   Code   RO           24    i.SetSysClock       system_stm32f10x.o
    0x080012cc   0x080012cc   0x000000e0   Code   RO           25    i.SetSysClockTo72   system_stm32f10x.o
    0x080013ac   0x080013ac   0x00000002   Code   RO         3256    i.SysTick_Handler   stm32f10x_it.o
    0x080013ae   0x080013ae   0x00000002   PAD
    0x080013b0   0x080013b0   0x00000060   Code   RO           27    i.SystemInit        system_stm32f10x.o
    0x08001410   0x08001410   0x00000028   Code   RO         3196    i.TIM3_IRQHandler   main.o
    0x08001438   0x08001438   0x00000006   Code   RO         2416    i.TIM_ClearITPendingBit  stm32f10x_tim.o
    0x0800143e   0x0800143e   0x00000018   Code   RO         2421    i.TIM_Cmd           stm32f10x_tim.o
    0x08001456   0x08001456   0x00000022   Code   RO         2442    i.TIM_GetITStatus   stm32f10x_tim.o
    0x08001478   0x08001478   0x00000012   Code   RO         2446    i.TIM_ITConfig      stm32f10x_tim.o
    0x0800148a   0x0800148a   0x0000000c   Code   RO         2448    i.TIM_InternalClockConfig  stm32f10x_tim.o
    0x08001496   0x08001496   0x00000002   PAD
    0x08001498   0x08001498   0x00000098   Code   RO         2450    i.TIM_OC1Init       stm32f10x_tim.o
    0x08001530   0x08001530   0x000000a0   Code   RO         2460    i.TIM_OC3Init       stm32f10x_tim.o
    0x080015d0   0x080015d0   0x0000007c   Code   RO         2465    i.TIM_OC4Init       stm32f10x_tim.o
    0x0800164c   0x0800164c   0x00000014   Code   RO         2468    i.TIM_OCStructInit  stm32f10x_tim.o
    0x08001660   0x08001660   0x00000004   Code   RO         2482    i.TIM_SetCompare1   stm32f10x_tim.o
    0x08001664   0x08001664   0x00000004   Code   RO         2484    i.TIM_SetCompare3   stm32f10x_tim.o
    0x08001668   0x08001668   0x00000006   Code   RO         2485    i.TIM_SetCompare4   stm32f10x_tim.o
    0x0800166e   0x0800166e   0x00000002   PAD
    0x08001670   0x08001670   0x000000a4   Code   RO         2492    i.TIM_TimeBaseInit  stm32f10x_tim.o
    0x08001714   0x08001714   0x000000dc   Code   RO         3700    i.USART1_IRQHandler  control.o
    0x080017f0   0x080017f0   0x0000001e   Code   RO         2957    i.USART_ClearITPendingBit  stm32f10x_usart.o
    0x0800180e   0x0800180e   0x00000018   Code   RO         2960    i.USART_Cmd         stm32f10x_usart.o
    0x08001826   0x08001826   0x00000054   Code   RO         2964    i.USART_GetITStatus  stm32f10x_usart.o
    0x0800187a   0x0800187a   0x0000004a   Code   RO         2966    i.USART_ITConfig    stm32f10x_usart.o
    0x080018c4   0x080018c4   0x000000d8   Code   RO         2967    i.USART_Init        stm32f10x_usart.o
    0x0800199c   0x0800199c   0x0000000a   Code   RO         2974    i.USART_ReceiveData  stm32f10x_usart.o
    0x080019a6   0x080019a6   0x00000004   Code   RO         3257    i.UsageFault_Handler  stm32f10x_it.o
    0x080019aa   0x080019aa   0x00000002   PAD
    0x080019ac   0x080019ac   0x000000b8   Code   RO         3666    i.Usart_Init        usart.o
    0x08001a64   0x08001a64   0x0000000c   Code   RO         3753    i.first_gear        operating mode.o
    0x08001a70   0x08001a70   0x0000003c   Code   RO         3197    i.main              main.o
    0x08001aac   0x08001aac   0x00000058   Code   RO         3754    i.mode_Perform      operating mode.o
    0x08001b04   0x08001b04   0x0000000c   Code   RO         3755    i.second_gear       operating mode.o
    0x08001b10   0x08001b10   0x00000010   Code   RO         3756    i.start_swaying     operating mode.o
    0x08001b20   0x08001b20   0x00000018   Code   RO         3757    i.stop_swaying      operating mode.o
    0x08001b38   0x08001b38   0x0000000c   Code   RO         3758    i.top_gear          operating mode.o
    0x08001b44   0x08001b44   0x0000000a   Code   RO         3759    i.turn_off          operating mode.o
    0x08001b4e   0x08001b4e   0x00000002   PAD
    0x08001b50   0x08001b50   0x00000062   Code   RO         3874    x$fpl$d2f           fz_ws.l(d2f.o)
    0x08001bb2   0x08001bb2   0x00000002   PAD
    0x08001bb4   0x08001bb4   0x00000150   Code   RO         3876    x$fpl$dadd          fz_ws.l(daddsub_clz.o)
    0x08001d04   0x08001d04   0x000002b0   Code   RO         3883    x$fpl$ddiv          fz_ws.l(ddiv.o)
    0x08001fb4   0x08001fb4   0x00000026   Code   RO         3894    x$fpl$dfltu         fz_ws.l(dflt_clz.o)
    0x08001fda   0x08001fda   0x00000002   PAD
    0x08001fdc   0x08001fdc   0x00000154   Code   RO         3902    x$fpl$dmul          fz_ws.l(dmul.o)
    0x08002130   0x08002130   0x0000009c   Code   RO         4040    x$fpl$dnaninf       fz_ws.l(dnaninf.o)
    0x080021cc   0x080021cc   0x0000000c   Code   RO         4042    x$fpl$dretinf       fz_ws.l(dretinf.o)
    0x080021d8   0x080021d8   0x000001d4   Code   RO         3878    x$fpl$dsub          fz_ws.l(daddsub_clz.o)
    0x080023ac   0x080023ac   0x000000c4   Code   RO         3906    x$fpl$fadd          fz_ws.l(faddsub_clz.o)
    0x08002470   0x08002470   0x00000018   Code   RO         4046    x$fpl$fcmpinf       fz_ws.l(fcmpi.o)
    0x08002488   0x08002488   0x00000184   Code   RO         3913    x$fpl$fdiv          fz_ws.l(fdiv.o)
    0x0800260c   0x0800260c   0x00000068   Code   RO         3916    x$fpl$feqf          fz_ws.l(feqf.o)
    0x08002674   0x08002674   0x0000003e   Code   RO         3918    x$fpl$ffixu         fz_ws.l(ffixu.o)
    0x080026b2   0x080026b2   0x00000002   PAD
    0x080026b4   0x080026b4   0x00000068   Code   RO         3928    x$fpl$fleqf         fz_ws.l(fleqf.o)
    0x0800271c   0x0800271c   0x00000102   Code   RO         3930    x$fpl$fmul          fz_ws.l(fmul.o)
    0x0800281e   0x0800281e   0x0000008c   Code   RO         4048    x$fpl$fnaninf       fz_ws.l(fnaninf.o)
    0x080028aa   0x080028aa   0x0000000a   Code   RO         4050    x$fpl$fretinf       fz_ws.l(fretinf.o)
    0x080028b4   0x080028b4   0x00000062   Code   RO         3932    x$fpl$frleqf        fz_ws.l(frleqf.o)
    0x08002916   0x08002916   0x00000002   PAD
    0x08002918   0x08002918   0x000000ea   Code   RO         3908    x$fpl$fsub          fz_ws.l(faddsub_clz.o)
    0x08002a02   0x08002a02   0x00000000   Code   RO         4060    x$fpl$usenofp       fz_ws.l(usenofp.o)
    0x08002a02   0x08002a02   0x00002546   Data   RO         3585    .constdata          oled_data.o
    0x08004f48   0x08004f48   0x00000020   Data   RO         4315    Region$$Table       anon$$obj.o


    Execution Region RW_IRAM1 (Exec base: 0x20000000, Load base: 0x08004f68, Size: 0x00000aa0, Max: 0x00005000, ABSOLUTE)

    Exec Addr    Load Addr    Size         Type   Attr      Idx    E Section Name        Object

    0x20000000   0x08004f68   0x00000014   Data   RW         1805    .data               stm32f10x_rcc.o
    0x20000014   0x08004f7c   0x0000002c   Data   RW         3852    .data               variable.o
    0x20000040        -       0x00000400   Zero   RW         3370    .bss                oled.o
    0x20000440        -       0x00000060   Zero   RW         4131    .bss                c_w.l(libspace.o)
    0x200004a0        -       0x00000200   Zero   RW            2    HEAP                startup_stm32f10x_md.o
    0x200006a0        -       0x00000400   Zero   RW            1    STACK               startup_stm32f10x_md.o


==============================================================================

Image component sizes


      Code (inc. data)   RO Data    RW Data    ZI Data      Debug   Object Name

       196         12          0          0          0       1024   ad.o
       228         48          0          0          0       1031   control.o
         0          0          0          0          0       4500   core_cm3.o
       332         70          0          0          0        586   face_config.o
       212         20          0          0          0        560   led_breathing.o
       100         10          0          0          0        905   main.o
       132         22          0          0          0     213735   misc.o
       108         12          0          0          0        966   motor.o
      1228         42          0          0       1024      10717   oled.o
         0          0       9542          0          0       1415   oled_data.o
       174         22          0          0          0       3183   operating mode.o
       196         38          0          0          0       1426   powerdetection.o
       352         24          0          0          0       2129   pwm.o
       436         68          0          0          0       2022   servo.o
        64         26        236          0       1536        820   startup_stm32f10x_md.o
       394         10          0          0          0      18229   stm32f10x_adc.o
       296          0          0          0          0      11716   stm32f10x_gpio.o
        26          0          0          0          0       3694   stm32f10x_it.o
       300         38          0         20          0      13453   stm32f10x_rcc.o
       728         82          0          0          0      28051   stm32f10x_tim.o
       438          6          0          0          0      11336   stm32f10x_usart.o
       328         28          0          0          0      45173   system_stm32f10x.o
       184         10          0          0          0        633   usart.o
         0          0          0         44          0        881   variable.o

    ----------------------------------------------------------------------
      6478        588       9810         64       2560     378185   Object Totals
         0          0         32          0          0          0   (incl. Generated)
        26          0          0          0          0          0   (incl. Padding)

    ----------------------------------------------------------------------

      Code (inc. data)   RO Data    RW Data    ZI Data      Debug   Library Member Name

         8          0          0          0          0         68   __main.o
         0          0          0          0          0          0   __rtentry.o
        12          0          0          0          0          0   __rtentry2.o
         6          0          0          0          0          0   __rtentry4.o
        52          8          0          0          0          0   __scatter.o
        26          0          0          0          0          0   __scatter_copy.o
        28          0          0          0          0          0   __scatter_zi.o
        18          0          0          0          0         80   exit.o
         6          0          0          0          0        152   heapauxi.o
         0          0          0          0          0          0   indicate_semi.o
         2          0          0          0          0          0   libinit.o
         2          0          0          0          0          0   libinit2.o
         2          0          0          0          0          0   libshutdown.o
         2          0          0          0          0          0   libshutdown2.o
         8          4          0          0         96         68   libspace.o
         2          0          0          0          0          0   rtexit.o
        10          0          0          0          0          0   rtexit2.o
        12          4          0          0          0         68   sys_exit.o
        74          0          0          0          0         80   sys_stackheap_outer.o
         2          0          0          0          0         68   use_no_semi.o
        98          4          0          0          0         92   d2f.o
       804         16          0          0          0        272   daddsub_clz.o
       688        140          0          0          0        208   ddiv.o
        38          0          0          0          0         68   dflt_clz.o
       340         12          0          0          0        104   dmul.o
       156          4          0          0          0         92   dnaninf.o
        12          0          0          0          0         68   dretinf.o
       430          8          0          0          0        168   faddsub_clz.o
        24          0          0          0          0         68   fcmpi.o
       388         76          0          0          0         96   fdiv.o
       104          4          0          0          0         84   feqf.o
        62          4          0          0          0         84   ffixu.o
       104          4          0          0          0         84   fleqf.o
       258          4          0          0          0         84   fmul.o
       140          4          0          0          0         84   fnaninf.o
        10          0          0          0          0         68   fretinf.o
        98          0          0          0          0         68   frleqf.o
         0          0          0          0          0          0   usenofp.o

    ----------------------------------------------------------------------
      4040        296          0          0         96       2376   Library Totals
        14          0          0          0          0          0   (incl. Padding)

    ----------------------------------------------------------------------

      Code (inc. data)   RO Data    RW Data    ZI Data      Debug   Library Name

       272         16          0          0         96        584   c_w.l
      3754        280          0          0          0       1792   fz_ws.l

    ----------------------------------------------------------------------
      4040        296          0          0         96       2376   Library Totals

    ----------------------------------------------------------------------

==============================================================================


      Code (inc. data)   RO Data    RW Data    ZI Data      Debug   

     10518        884       9810         64       2656     374525   Grand Totals
     10518        884       9810         64       2656     374525   ELF Image Totals
     10518        884       9810         64          0          0   ROM Totals

==============================================================================

    Total RO  Size (Code + RO Data)                20328 (  19.85kB)
    Total RW  Size (RW Data + ZI Data)              2720 (   2.66kB)
    Total ROM Size (Code + RO Data + RW Data)      20392 (  19.91kB)

==============================================================================

